<html>
<body>
<pre>
<h1>µVision Build Log</h1>
<h2>Project:</h2>
C:\Users\Administrator\Desktop\mySTM32F103C8T6\prjOne.uvproj
Project File Date:  06/07/2020

<h2>Output:</h2>
Build target 'Target 1'
compiling main.c...
BSW\..\ASW\TestCase1.h(7): warning:  #1-D: last line of file ends without a newline
BSW\..\CSW\clock.h(10): warning:  #1-D: last line of file ends without a newline
BSW\..\CSW\timer.h(11): warning:  #1-D: last line of file ends without a newline
BSW\..\CSW\hwio.h(7): warning:  #1-D: last line of file ends without a newline
BSW\..\CSW\interrupt.h(7): warning:  #1-D: last line of file ends without a newline
BSW\main.h(13): warning:  #1-D: last line of file ends without a newline
BSW\main.c(32): warning:  #111-D: statement is unreachable
BSW\main.c(68): warning:  #1-D: last line of file ends without a newline
linking...
Program Size: Code=6964 RO-data=268 RW-data=48 ZI-data=5728  
FromELF: creating hex file...
".\Output\myPrj.axf" - 0 Errors, 8 Warning(s).
Load "C:\\Users\\Administrator\\Desktop\\mySTM32F103C8T6\\Output\\myPrj.axf" 
Full Chip Erase Done.
Programming Done.
Verify OK.
Application running ...
Build target 'Target 1'
compiling TestCase1.c...
ASW\TestCase1.h(7): warning:  #1-D: last line of file ends without a newline
compiling main.c...
BSW\..\ASW\TestCase1.h(7): warning:  #1-D: last line of file ends without a newline
BSW\..\CSW\clock.h(10): warning:  #1-D: last line of file ends without a newline
BSW\..\CSW\timer.h(11): warning:  #1-D: last line of file ends without a newline
BSW\..\CSW\hwio.h(7): warning:  #1-D: last line of file ends without a newline
BSW\..\CSW\interrupt.h(7): warning:  #1-D: last line of file ends without a newline
BSW\main.h(13): warning:  #1-D: last line of file ends without a newline
BSW\main.c(32): warning:  #111-D: statement is unreachable
BSW\main.c(68): warning:  #1-D: last line of file ends without a newline
assembling startup_stm32f10x_md.s...
compiling clock.c...
CSW\clock.h(10): warning:  #1-D: last line of file ends without a newline
CSW\clock.c(43): warning:  #1-D: last line of file ends without a newline
compiling hwio.c...
CSW\hwio.h(7): warning:  #1-D: last line of file ends without a newline
CSW\hwio.c(18): warning:  #1-D: last line of file ends without a newline
compiling timer.c...
CSW\timer.h(11): warning:  #1-D: last line of file ends without a newline
CSW\timer.c(89): warning:  #1-D: last line of file ends without a newline
compiling interrupt.c...
CSW\interrupt.h(7): warning:  #1-D: last line of file ends without a newline
compiling core_cm3.c...
compiling misc.c...
compiling stm32f10x_gpio.c...
compiling stm32f10x_tim.c...
compiling system_stm32f10x.c...
compiling stm32f10x_rcc.c...
compiling stm32f10x_adc.c...
compiling stm32f10x_bkp.c...
compiling stm32f10x_can.c...
compiling stm32f10x_cec.c...
compiling stm32f10x_crc.c...
compiling stm32f10x_dac.c...
compiling stm32f10x_dbgmcu.c...
compiling stm32f10x_dma.c...
compiling stm32f10x_exti.c...
compiling stm32f10x_flash.c...
compiling stm32f10x_fsmc.c...
compiling stm32f10x_i2c.c...
compiling stm32f10x_iwdg.c...
compiling stm32f10x_pwr.c...
compiling stm32f10x_rtc.c...
compiling stm32f10x_sdio.c...
compiling stm32f10x_spi.c...
compiling stm32f10x_usart.c...
compiling stm32f10x_wwdg.c...
linking...
Program Size: Code=6964 RO-data=268 RW-data=48 ZI-data=5728  
FromELF: creating hex file...
".\Output\myPrj.axf" - 0 Errors, 16 Warning(s).
Load "C:\\Users\\Administrator\\Desktop\\mySTM32F103C8T6\\Output\\myPrj.axf" 
Full Chip Erase Done.
Programming Done.
Verify OK.
Application running ...
Build target 'Target 1'
assembling startup_stm32f10x_md.s...
linking...
Program Size: Code=6964 RO-data=268 RW-data=48 ZI-data=12640  
FromELF: creating hex file...
".\Output\myPrj.axf" - 0 Errors, 0 Warning(s).
Load "C:\\Users\\Administrator\\Desktop\\mySTM32F103C8T6\\Output\\myPrj.axf" 
Full Chip Erase Done.
Programming Done.
Verify OK.
Application running ...
Build target 'Target 1'
assembling startup_stm32f10x_md.s...
compiling timer.c...
CSW\timer.h(11): warning:  #1-D: last line of file ends without a newline
CSW\timer.c(110): warning:  #1-D: last line of file ends without a newline
linking...
Program Size: Code=7028 RO-data=268 RW-data=48 ZI-data=1632  
FromELF: creating hex file...
".\Output\myPrj.axf" - 0 Errors, 2 Warning(s).
Load "C:\\Users\\Administrator\\Desktop\\mySTM32F103C8T6\\Output\\myPrj.axf" 
Full Chip Erase Done.
Programming Done.
Verify OK.
Application running ...
Build target 'Target 1'
compiling timer.c...
CSW\timer.h(11): warning:  #1-D: last line of file ends without a newline
CSW\timer.c(112): warning:  #1-D: last line of file ends without a newline
linking...
Program Size: Code=7012 RO-data=268 RW-data=48 ZI-data=1632  
FromELF: creating hex file...
".\Output\myPrj.axf" - 0 Errors, 2 Warning(s).
Load "C:\\Users\\Administrator\\Desktop\\mySTM32F103C8T6\\Output\\myPrj.axf" 
Full Chip Erase Done.
Programming Done.
Verify OK.
Application running ...
Build target 'Target 1'
compiling main.c...
BSW\..\ASW\TestCase1.h(7): warning:  #1-D: last line of file ends without a newline
BSW\..\CSW\clock.h(10): warning:  #1-D: last line of file ends without a newline
BSW\..\CSW\timer.h(11): warning:  #1-D: last line of file ends without a newline
BSW\..\CSW\hwio.h(7): warning:  #1-D: last line of file ends without a newline
BSW\..\CSW\interrupt.h(7): warning:  #1-D: last line of file ends without a newline
BSW\main.h(13): warning:  #1-D: last line of file ends without a newline
BSW\main.c(32): warning:  #111-D: statement is unreachable
BSW\main.c(72): warning:  #1-D: last line of file ends without a newline
compiling clock.c...
CSW\clock.h(10): warning:  #1-D: last line of file ends without a newline
CSW\clock.c(43): warning:  #1-D: last line of file ends without a newline
linking...
Program Size: Code=7128 RO-data=268 RW-data=48 ZI-data=1632  
FromELF: creating hex file...
".\Output\myPrj.axf" - 0 Errors, 10 Warning(s).
Load "C:\\Users\\Administrator\\Desktop\\mySTM32F103C8T6\\Output\\myPrj.axf" 
Full Chip Erase Done.
Programming Done.
Verify OK.
Application running ...
Build target 'Target 1'
compiling main.c...
BSW\..\ASW\TestCase1.h(7): warning:  #1-D: last line of file ends without a newline
BSW\..\CSW\clock.h(10): warning:  #1-D: last line of file ends without a newline
BSW\..\CSW\timer.h(11): warning:  #1-D: last line of file ends without a newline
BSW\..\CSW\hwio.h(7): warning:  #1-D: last line of file ends without a newline
BSW\..\CSW\interrupt.h(7): warning:  #1-D: last line of file ends without a newline
BSW\main.h(13): warning:  #1-D: last line of file ends without a newline
BSW\main.c(32): warning:  #111-D: statement is unreachable
BSW\main.c(72): warning:  #1-D: last line of file ends without a newline
compiling timer.c...
CSW\timer.h(11): warning:  #1-D: last line of file ends without a newline
CSW\timer.c(128): warning:  #1-D: last line of file ends without a newline
linking...
Program Size: Code=7136 RO-data=268 RW-data=48 ZI-data=1632  
FromELF: creating hex file...
".\Output\myPrj.axf" - 0 Errors, 10 Warning(s).
Load "C:\\Users\\Administrator\\Desktop\\mySTM32F103C8T6\\Output\\myPrj.axf" 
Full Chip Erase Done.
Programming Done.
Verify OK.
Application running ...
Build target 'Target 1'
compiling main.c...
BSW\..\ASW\TestCase1.h(7): warning:  #1-D: last line of file ends without a newline
BSW\..\CSW\clock.h(10): warning:  #1-D: last line of file ends without a newline
BSW\..\CSW\timer.h(11): warning:  #1-D: last line of file ends without a newline
BSW\..\CSW\hwio.h(7): warning:  #1-D: last line of file ends without a newline
BSW\..\CSW\interrupt.h(7): warning:  #1-D: last line of file ends without a newline
BSW\main.h(22): warning:  #1-D: last line of file ends without a newline
BSW\main.c(34): warning:  #111-D: statement is unreachable
BSW\main.c(81): warning:  #1-D: last line of file ends without a newline
linking...
Program Size: Code=7160 RO-data=268 RW-data=52 ZI-data=1636  
FromELF: creating hex file...
".\Output\myPrj.axf" - 0 Errors, 8 Warning(s).
Load "C:\\Users\\Administrator\\Desktop\\mySTM32F103C8T6\\Output\\myPrj.axf" 
Full Chip Erase Done.
Programming Done.
Verify OK.
Application running ...
Build target 'Target 1'
compiling clock.c...
CSW\clock.h(10): warning:  #1-D: last line of file ends without a newline
CSW\clock.c(43): warning:  #1-D: last line of file ends without a newline
linking...
Program Size: Code=7160 RO-data=268 RW-data=52 ZI-data=1636  
FromELF: creating hex file...
".\Output\myPrj.axf" - 0 Errors, 2 Warning(s).
Load "C:\\Users\\Administrator\\Desktop\\mySTM32F103C8T6\\Output\\myPrj.axf" 
Full Chip Erase Done.
Programming Done.
Verify OK.
Application running ...
