<html>
<body>
<pre>
<h1>µVision Build Log</h1>
<h2>Project:</h2>
C:\Users\Administrator\Desktop\mySTM32F103C8T6\prjOne.uvproj
Project File Date:  08/27/2020

<h2>Output:</h2>
Rebuild target 'Target 1'
compiling LED.c...
ASW\LED.h(6): warning:  #1-D: last line of file ends without a newline
ASW\LED.c(30): warning:  #1-D: last line of file ends without a newline
compiling CanSend.c...
ASW\..\CSW\std_err.h(16): warning:  #1-D: last line of file ends without a newline
ASW\..\CSW\can.h(20): warning:  #1-D: last line of file ends without a newline
ASW\CanSend.h(8): warning:  #1-D: last line of file ends without a newline
ASW\CanSend.c(32): warning:  #1-D: last line of file ends without a newline
compiling pid_model.c...
ASW\PID\pid_model.h(7): warning:  #1-D: last line of file ends without a newline
ASW\PID\pid_model.c(18): warning:  #1-D: last line of file ends without a newline
compiling asr_s32.c...
compiling div_nde_s32_floor.c...
compiling div_nzp_repeat_u32_near.c...
compiling div_nzp_u32_near.c...
compiling look1_is16bs16n2lu16n16ys16n7ts16n7Ds32Is_rwYpbjoD.c...
compiling look1_is16lu8n8yu8tu8Ds16Is32n23_binlcan.c...
compiling look1_is16lu16n16Ds32_pbinlca.c...
compiling look1_is16lu16n16ys16Ds32Is32_binlcan.c...
compiling look1_is16lu16n16ys16n7Ds32Is32_binlcan.c...
compiling look1_is16lu16n16ys16n10ts16n10Ds32Is32_binlcan.c...
compiling look1_is16lu16n16ys16ts16Ds32Is32_binlcan.c...
compiling look1_iu8lu32n16ys16ts16Ds32Is32_binlcs.c...
compiling look2_is16s16lu32n16ts16Ds32ds32_binlcs.c...
compiling look2_is16u8lu32n16ys16ts16Ds32Is32_binlcs.c...
compiling MemCalibration_RBM.c...
compiling MemMeasured_RBM.c...
compiling mul_ssu32_loSR.c...
compiling mul_ssu32_loSR_near.c...
compiling mul_ssu32_loSR_zero.c...
compiling mul_wide_su32.c...
compiling RBM.c...
compiling RBM_data.c...
compiling RBM_Input.c...
compiling RBM_Output.c...
compiling main.c...
BSW\os.h(24): warning:  #1-D: last line of file ends without a newline
BSW\main.c(11): warning:  #1-D: last line of file ends without a newline
assembling startup_stm32f10x_md.s...
compiling os.c...
BSW\..\CSW\clock.h(7): warning:  #1-D: last line of file ends without a newline
BSW\..\CSW\std_typ.h(13): warning:  #1-D: last line of file ends without a newline
BSW\..\CSW\timer.h(9): warning:  #1-D: last line of file ends without a newline
BSW\..\CSW\hwio.h(6): warning:  #1-D: last line of file ends without a newline
BSW\..\CSW\interrupt.h(7): warning:  #1-D: last line of file ends without a newline
BSW\..\CSW\std_err.h(16): warning:  #1-D: last line of file ends without a newline
BSW\..\CSW\can.h(20): warning:  #1-D: last line of file ends without a newline
BSW\..\CSW\TimingTest.h(8): warning:  #1-D: last line of file ends without a newline
BSW\os.h(24): warning:  #1-D: last line of file ends without a newline
BSW\..\ASW\LED.h(6): warning:  #1-D: last line of file ends without a newline
BSW\..\ASW\CanSend.h(8): warning:  #1-D: last line of file ends without a newline
BSW\..\ASW\PID\pid_model.h(7): warning:  #1-D: last line of file ends without a newline
BSW\os.c(195): warning:  #1-D: last line of file ends without a newline
compiling can.c...
CSW\interrupt.h(7): warning:  #1-D: last line of file ends without a newline
CSW\std_err.h(16): warning:  #1-D: last line of file ends without a newline
CSW\can.h(20): warning:  #1-D: last line of file ends without a newline
CSW\can.c(108): warning:  #177-D: variable "i" was declared but never referenced
CSW\can.c(135): warning:  #1-D: last line of file ends without a newline
compiling can_cfg.c...
CSW\std_typ.h(13): warning:  #1-D: last line of file ends without a newline
CSW\std_err.h(16): warning:  #1-D: last line of file ends without a newline
CSW\can.h(20): warning:  #1-D: last line of file ends without a newline
CSW\can_cfg.h(10): warning:  #1-D: last line of file ends without a newline
CSW\can_cfg.c(66): warning:  #1-D: last line of file ends without a newline
compiling clock.c...
CSW\clock.h(7): warning:  #1-D: last line of file ends without a newline
CSW\clock.c(49): warning:  #1-D: last line of file ends without a newline
compiling fsmc.c...
CSW\fsmc.h(6): warning:  #1-D: last line of file ends without a newline
CSW\fsmc.c(7): warning:  #1-D: last line of file ends without a newline
compiling hwio.c...
CSW\hwio.h(6): warning:  #1-D: last line of file ends without a newline
CSW\hwio.c(34): warning:  #1-D: last line of file ends without a newline
compiling interrupt.c...
CSW\interrupt.h(7): warning:  #1-D: last line of file ends without a newline
CSW\interrupt.c(6): warning:  #1-D: last line of file ends without a newline
compiling timer.c...
CSW\interrupt.h(7): warning:  #1-D: last line of file ends without a newline
CSW\std_typ.h(13): warning:  #1-D: last line of file ends without a newline
CSW\timer.h(9): warning:  #1-D: last line of file ends without a newline
CSW\..\BSW\os.h(24): warning:  #1-D: last line of file ends without a newline
CSW\timer.c(135): warning:  #1-D: last line of file ends without a newline
compiling watchdog.c...
CSW\watchdog.c(62): warning:  #1-D: last line of file ends without a newline
compiling TimingTest.c...
CSW\std_typ.h(13): warning:  #1-D: last line of file ends without a newline
CSW\TimingTest.h(8): warning:  #1-D: last line of file ends without a newline
CSW\TimingTest.c(50): warning:  #1-D: last line of file ends without a newline
compiling core_cm3.c...
compiling misc.c...
compiling stm32f10x_gpio.c...
compiling stm32f10x_tim.c...
compiling system_stm32f10x.c...
compiling stm32f10x_rcc.c...
compiling stm32f10x_adc.c...
compiling stm32f10x_bkp.c...
compiling stm32f10x_can.c...
compiling stm32f10x_cec.c...
compiling stm32f10x_crc.c...
compiling stm32f10x_dac.c...
compiling stm32f10x_dbgmcu.c...
compiling stm32f10x_dma.c...
compiling stm32f10x_exti.c...
compiling stm32f10x_flash.c...
compiling stm32f10x_fsmc.c...
compiling stm32f10x_i2c.c...
compiling stm32f10x_iwdg.c...
compiling stm32f10x_pwr.c...
compiling stm32f10x_rtc.c...
compiling stm32f10x_sdio.c...
compiling stm32f10x_spi.c...
compiling stm32f10x_usart.c...
compiling stm32f10x_wwdg.c...
linking...
Program Size: Code=20016 RO-data=296 RW-data=944 ZI-data=1824  
FromELF: creating hex file...
".\Output\myPrj.axf" - 0 Errors, 50 Warning(s).
Rebuild target 'Target 1'
compiling LED.c...
ASW\LED.h(7): warning:  #1-D: last line of file ends without a newline
ASW\LED.c(31): warning:  #1-D: last line of file ends without a newline
compiling CanSend.c...
ASW\..\CSW\std_err.h(17): warning:  #1-D: last line of file ends without a newline
ASW\..\CSW\can.h(21): warning:  #1-D: last line of file ends without a newline
ASW\CanSend.h(9): warning:  #1-D: last line of file ends without a newline
ASW\CanSend.c(33): warning:  #1-D: last line of file ends without a newline
compiling pid_model.c...
ASW\PID\pid_model.h(8): warning:  #1-D: last line of file ends without a newline
ASW\PID\pid_model.c(19): warning:  #1-D: last line of file ends without a newline
compiling asr_s32.c...
compiling div_nde_s32_floor.c...
compiling div_nzp_repeat_u32_near.c...
compiling div_nzp_u32_near.c...
compiling look1_is16bs16n2lu16n16ys16n7ts16n7Ds32Is_rwYpbjoD.c...
compiling look1_is16lu8n8yu8tu8Ds16Is32n23_binlcan.c...
compiling look1_is16lu16n16Ds32_pbinlca.c...
compiling look1_is16lu16n16ys16Ds32Is32_binlcan.c...
compiling look1_is16lu16n16ys16n7Ds32Is32_binlcan.c...
compiling look1_is16lu16n16ys16n10ts16n10Ds32Is32_binlcan.c...
compiling look1_is16lu16n16ys16ts16Ds32Is32_binlcan.c...
compiling look1_iu8lu32n16ys16ts16Ds32Is32_binlcs.c...
compiling look2_is16s16lu32n16ts16Ds32ds32_binlcs.c...
compiling look2_is16u8lu32n16ys16ts16Ds32Is32_binlcs.c...
compiling MemCalibration_RBM.c...
compiling MemMeasured_RBM.c...
compiling mul_ssu32_loSR.c...
compiling mul_ssu32_loSR_near.c...
compiling mul_ssu32_loSR_zero.c...
compiling mul_wide_su32.c...
compiling RBM.c...
compiling RBM_data.c...
compiling RBM_Input.c...
compiling RBM_Output.c...
compiling main.c...
BSW\os.h(25): warning:  #1-D: last line of file ends without a newline
BSW\main.c(12): warning:  #1-D: last line of file ends without a newline
assembling startup_stm32f10x_md.s...
compiling os.c...
BSW\..\CSW\clock.h(8): warning:  #1-D: last line of file ends without a newline
BSW\..\CSW\std_typ.h(14): warning:  #1-D: last line of file ends without a newline
BSW\..\CSW\timer.h(10): warning:  #1-D: last line of file ends without a newline
BSW\..\CSW\hwio.h(7): warning:  #1-D: last line of file ends without a newline
BSW\..\CSW\interrupt.h(8): warning:  #1-D: last line of file ends without a newline
BSW\..\CSW\std_err.h(17): warning:  #1-D: last line of file ends without a newline
BSW\..\CSW\can.h(21): warning:  #1-D: last line of file ends without a newline
BSW\..\CSW\TimingTest.h(9): warning:  #1-D: last line of file ends without a newline
BSW\os.h(25): warning:  #1-D: last line of file ends without a newline
BSW\..\ASW\LED.h(7): warning:  #1-D: last line of file ends without a newline
BSW\..\ASW\CanSend.h(9): warning:  #1-D: last line of file ends without a newline
BSW\..\ASW\PID\pid_model.h(8): warning:  #1-D: last line of file ends without a newline
BSW\os.c(196): warning:  #1-D: last line of file ends without a newline
compiling can.c...
CSW\interrupt.h(8): warning:  #1-D: last line of file ends without a newline
CSW\std_err.h(17): warning:  #1-D: last line of file ends without a newline
CSW\can.h(21): warning:  #1-D: last line of file ends without a newline
CSW\can.c(135): warning:  #1-D: last line of file ends without a newline
compiling can_cfg.c...
CSW\std_typ.h(14): warning:  #1-D: last line of file ends without a newline
CSW\std_err.h(17): warning:  #1-D: last line of file ends without a newline
CSW\can.h(21): warning:  #1-D: last line of file ends without a newline
CSW\can_cfg.h(11): warning:  #1-D: last line of file ends without a newline
CSW\can_cfg.c(67): warning:  #1-D: last line of file ends without a newline
compiling clock.c...
CSW\clock.h(8): warning:  #1-D: last line of file ends without a newline
CSW\clock.c(50): warning:  #1-D: last line of file ends without a newline
compiling fsmc.c...
CSW\fsmc.h(7): warning:  #1-D: last line of file ends without a newline
CSW\fsmc.c(8): warning:  #1-D: last line of file ends without a newline
compiling hwio.c...
CSW\hwio.h(7): warning:  #1-D: last line of file ends without a newline
CSW\hwio.c(35): warning:  #1-D: last line of file ends without a newline
compiling interrupt.c...
CSW\interrupt.h(8): warning:  #1-D: last line of file ends without a newline
CSW\interrupt.c(7): warning:  #1-D: last line of file ends without a newline
compiling timer.c...
CSW\interrupt.h(8): warning:  #1-D: last line of file ends without a newline
CSW\std_typ.h(14): warning:  #1-D: last line of file ends without a newline
CSW\timer.h(10): warning:  #1-D: last line of file ends without a newline
CSW\..\BSW\os.h(25): warning:  #1-D: last line of file ends without a newline
CSW\timer.c(136): warning:  #1-D: last line of file ends without a newline
compiling watchdog.c...
CSW\watchdog.c(63): warning:  #1-D: last line of file ends without a newline
compiling TimingTest.c...
CSW\std_typ.h(14): warning:  #1-D: last line of file ends without a newline
CSW\TimingTest.h(9): warning:  #1-D: last line of file ends without a newline
CSW\TimingTest.c(51): warning:  #1-D: last line of file ends without a newline
compiling core_cm3.c...
compiling misc.c...
compiling stm32f10x_gpio.c...
compiling stm32f10x_tim.c...
compiling system_stm32f10x.c...
compiling stm32f10x_rcc.c...
compiling stm32f10x_adc.c...
compiling stm32f10x_bkp.c...
compiling stm32f10x_can.c...
compiling stm32f10x_cec.c...
compiling stm32f10x_crc.c...
compiling stm32f10x_dac.c...
compiling stm32f10x_dbgmcu.c...
compiling stm32f10x_dma.c...
compiling stm32f10x_exti.c...
compiling stm32f10x_flash.c...
compiling stm32f10x_fsmc.c...
compiling stm32f10x_i2c.c...
compiling stm32f10x_iwdg.c...
compiling stm32f10x_pwr.c...
compiling stm32f10x_rtc.c...
compiling stm32f10x_sdio.c...
compiling stm32f10x_spi.c...
compiling stm32f10x_usart.c...
compiling stm32f10x_wwdg.c...
linking...
Program Size: Code=20012 RO-data=296 RW-data=944 ZI-data=1824  
FromELF: creating hex file...
".\Output\myPrj.axf" - 0 Errors, 49 Warning(s).
Rebuild target 'Target 1'
compiling LED.c...
compiling CanSend.c...
compiling pid_model.c...
compiling asr_s32.c...
compiling div_nde_s32_floor.c...
compiling div_nzp_repeat_u32_near.c...
compiling div_nzp_u32_near.c...
compiling look1_is16bs16n2lu16n16ys16n7ts16n7Ds32Is_rwYpbjoD.c...
compiling look1_is16lu8n8yu8tu8Ds16Is32n23_binlcan.c...
compiling look1_is16lu16n16Ds32_pbinlca.c...
compiling look1_is16lu16n16ys16Ds32Is32_binlcan.c...
compiling look1_is16lu16n16ys16n7Ds32Is32_binlcan.c...
compiling look1_is16lu16n16ys16n10ts16n10Ds32Is32_binlcan.c...
compiling look1_is16lu16n16ys16ts16Ds32Is32_binlcan.c...
compiling look1_iu8lu32n16ys16ts16Ds32Is32_binlcs.c...
compiling look2_is16s16lu32n16ts16Ds32ds32_binlcs.c...
compiling look2_is16u8lu32n16ys16ts16Ds32Is32_binlcs.c...
compiling MemCalibration_RBM.c...
compiling MemMeasured_RBM.c...
compiling mul_ssu32_loSR.c...
compiling mul_ssu32_loSR_near.c...
compiling mul_ssu32_loSR_zero.c...
compiling mul_wide_su32.c...
compiling RBM.c...
compiling RBM_data.c...
compiling RBM_Input.c...
compiling RBM_Output.c...
compiling main.c...
assembling startup_stm32f10x_md.s...
compiling os.c...
compiling can.c...
compiling can_cfg.c...
compiling clock.c...
compiling fsmc.c...
compiling hwio.c...
compiling interrupt.c...
compiling timer.c...
compiling watchdog.c...
compiling TimingTest.c...
compiling core_cm3.c...
compiling misc.c...
compiling stm32f10x_gpio.c...
compiling stm32f10x_tim.c...
compiling system_stm32f10x.c...
compiling stm32f10x_rcc.c...
compiling stm32f10x_adc.c...
compiling stm32f10x_bkp.c...
compiling stm32f10x_can.c...
compiling stm32f10x_cec.c...
compiling stm32f10x_crc.c...
compiling stm32f10x_dac.c...
compiling stm32f10x_dbgmcu.c...
compiling stm32f10x_dma.c...
compiling stm32f10x_exti.c...
compiling stm32f10x_flash.c...
compiling stm32f10x_fsmc.c...
compiling stm32f10x_i2c.c...
compiling stm32f10x_iwdg.c...
compiling stm32f10x_pwr.c...
compiling stm32f10x_rtc.c...
compiling stm32f10x_sdio.c...
compiling stm32f10x_spi.c...
compiling stm32f10x_usart.c...
compiling stm32f10x_wwdg.c...
linking...
Program Size: Code=20012 RO-data=296 RW-data=944 ZI-data=1824  
FromELF: creating hex file...
".\Output\myPrj.axf" - 0 Errors, 0 Warning(s).
Load "C:\\Users\\Administrator\\Desktop\\mySTM32F103C8T6\\Output\\myPrj.axf" 
Erase Done.
Programming Done.
Verify OK.
Application running ...
Build target 'Target 1'
compiling LED.c...
compiling CanSend.c...
compiling pid_model.c...
compiling asr_s32.c...
compiling div_nde_s32_floor.c...
compiling div_nzp_repeat_u32_near.c...
compiling div_nzp_u32_near.c...
compiling look1_is16bs16n2lu16n16ys16n7ts16n7Ds32Is_rwYpbjoD.c...
compiling look1_is16lu8n8yu8tu8Ds16Is32n23_binlcan.c...
compiling look1_is16lu16n16Ds32_pbinlca.c...
compiling look1_is16lu16n16ys16Ds32Is32_binlcan.c...
compiling look1_is16lu16n16ys16n7Ds32Is32_binlcan.c...
compiling look1_is16lu16n16ys16n10ts16n10Ds32Is32_binlcan.c...
compiling look1_is16lu16n16ys16ts16Ds32Is32_binlcan.c...
compiling look1_iu8lu32n16ys16ts16Ds32Is32_binlcs.c...
compiling look2_is16s16lu32n16ts16Ds32ds32_binlcs.c...
compiling look2_is16u8lu32n16ys16ts16Ds32Is32_binlcs.c...
compiling MemCalibration_RBM.c...
compiling MemMeasured_RBM.c...
compiling mul_ssu32_loSR.c...
compiling mul_ssu32_loSR_near.c...
compiling mul_ssu32_loSR_zero.c...
compiling mul_wide_su32.c...
compiling RBM.c...
compiling RBM_data.c...
compiling RBM_Input.c...
compiling RBM_Output.c...
compiling main.c...
compiling os.c...
compiling can.c...
compiling can_cfg.c...
compiling clock.c...
compiling fsmc.c...
compiling hwio.c...
compiling interrupt.c...
compiling timer.c...
compiling watchdog.c...
compiling TimingTest.c...
compiling core_cm3.c...
compiling misc.c...
compiling stm32f10x_gpio.c...
compiling stm32f10x_tim.c...
compiling system_stm32f10x.c...
compiling stm32f10x_rcc.c...
compiling stm32f10x_adc.c...
compiling stm32f10x_bkp.c...
compiling stm32f10x_can.c...
compiling stm32f10x_cec.c...
compiling stm32f10x_crc.c...
compiling stm32f10x_dac.c...
compiling stm32f10x_dbgmcu.c...
compiling stm32f10x_dma.c...
compiling stm32f10x_exti.c...
compiling stm32f10x_flash.c...
compiling stm32f10x_fsmc.c...
compiling stm32f10x_i2c.c...
compiling stm32f10x_iwdg.c...
compiling stm32f10x_pwr.c...
compiling stm32f10x_rtc.c...
compiling stm32f10x_sdio.c...
compiling stm32f10x_spi.c...
compiling stm32f10x_usart.c...
compiling stm32f10x_wwdg.c...
linking...
Program Size: Code=20020 RO-data=296 RW-data=944 ZI-data=1824  
FromELF: creating hex file...
".\Output\myPrj.axf" - 0 Errors, 0 Warning(s).
Load "C:\\Users\\Administrator\\Desktop\\mySTM32F103C8T6\\Output\\myPrj.axf" 
Erase Done.
Programming Done.
Verify OK.
Application running ...
Rebuild target 'Target 1'
compiling LED.c...
compiling CanSend.c...
compiling pid_model.c...
compiling asr_s32.c...
compiling div_nde_s32_floor.c...
compiling div_nzp_repeat_u32_near.c...
compiling div_nzp_u32_near.c...
compiling look1_is16bs16n2lu16n16ys16n7ts16n7Ds32Is_rwYpbjoD.c...
compiling look1_is16lu8n8yu8tu8Ds16Is32n23_binlcan.c...
compiling look1_is16lu16n16Ds32_pbinlca.c...
compiling look1_is16lu16n16ys16Ds32Is32_binlcan.c...
compiling look1_is16lu16n16ys16n7Ds32Is32_binlcan.c...
compiling look1_is16lu16n16ys16n10ts16n10Ds32Is32_binlcan.c...
compiling look1_is16lu16n16ys16ts16Ds32Is32_binlcan.c...
compiling look1_iu8lu32n16ys16ts16Ds32Is32_binlcs.c...
compiling look2_is16s16lu32n16ts16Ds32ds32_binlcs.c...
compiling look2_is16u8lu32n16ys16ts16Ds32Is32_binlcs.c...
compiling MemCalibration_RBM.c...
compiling MemMeasured_RBM.c...
compiling mul_ssu32_loSR.c...
compiling mul_ssu32_loSR_near.c...
compiling mul_ssu32_loSR_zero.c...
compiling mul_wide_su32.c...
compiling RBM.c...
compiling RBM_data.c...
compiling RBM_Input.c...
compiling RBM_Output.c...
compiling main.c...
assembling startup_stm32f10x_md.s...
compiling os.c...
compiling can.c...
compiling can_cfg.c...
compiling clock.c...
compiling fsmc.c...
compiling hwio.c...
compiling interrupt.c...
compiling timer.c...
compiling watchdog.c...
compiling TimingTest.c...
compiling core_cm3.c...
compiling misc.c...
compiling stm32f10x_gpio.c...
compiling stm32f10x_tim.c...
compiling system_stm32f10x.c...
compiling stm32f10x_rcc.c...
compiling stm32f10x_adc.c...
compiling stm32f10x_bkp.c...
compiling stm32f10x_can.c...
compiling stm32f10x_cec.c...
compiling stm32f10x_crc.c...
compiling stm32f10x_dac.c...
compiling stm32f10x_dbgmcu.c...
compiling stm32f10x_dma.c...
compiling stm32f10x_exti.c...
compiling stm32f10x_flash.c...
compiling stm32f10x_fsmc.c...
compiling stm32f10x_i2c.c...
compiling stm32f10x_iwdg.c...
compiling stm32f10x_pwr.c...
compiling stm32f10x_rtc.c...
compiling stm32f10x_sdio.c...
compiling stm32f10x_spi.c...
compiling stm32f10x_usart.c...
compiling stm32f10x_wwdg.c...
linking...
Program Size: Code=20020 RO-data=296 RW-data=944 ZI-data=1824  
FromELF: creating hex file...
".\Output\myPrj.axf" - 0 Errors, 0 Warning(s).
Load "C:\\Users\\Administrator\\Desktop\\mySTM32F103C8T6\\Output\\myPrj.axf" 
Erase Done.
Programming Done.
Verify OK.
Application running ...
Build target 'Target 1'
compiling LED.c...
compiling hwio.c...
compiling watchdog.c...
linking...
Program Size: Code=19980 RO-data=296 RW-data=944 ZI-data=1824  
FromELF: creating hex file...
".\Output\myPrj.axf" - 0 Errors, 0 Warning(s).
Load "C:\\Users\\Administrator\\Desktop\\mySTM32F103C8T6\\Output\\myPrj.axf" 
Erase Done.
Programming Done.
Verify OK.
Application running ...
Build target 'Target 1'
compiling LED.c...
ASW\..\MCAL\stm32f10x_gpio.h(93): error:  #20: identifier "uint16_t" is undefined
ASW\..\MCAL\stm32f10x_gpio.h(349): error:  #20: identifier "GPIO_TypeDef" is undefined
ASW\..\MCAL\stm32f10x_gpio.h(351): error:  #20: identifier "GPIO_TypeDef" is undefined
ASW\..\MCAL\stm32f10x_gpio.h(353): error:  #20: identifier "uint8_t" is undefined
ASW\..\MCAL\stm32f10x_gpio.h(353): error:  #20: identifier "GPIO_TypeDef" is undefined
ASW\..\MCAL\stm32f10x_gpio.h(353): error:  #20: identifier "uint16_t" is undefined
ASW\..\MCAL\stm32f10x_gpio.h(354): error:  #20: identifier "uint16_t" is undefined
ASW\..\MCAL\stm32f10x_gpio.h(354): error:  #20: identifier "GPIO_TypeDef" is undefined
ASW\..\MCAL\stm32f10x_gpio.h(355): error:  #20: identifier "uint8_t" is undefined
ASW\..\MCAL\stm32f10x_gpio.h(355): error:  #20: identifier "GPIO_TypeDef" is undefined
ASW\..\MCAL\stm32f10x_gpio.h(355): error:  #20: identifier "uint16_t" is undefined
ASW\..\MCAL\stm32f10x_gpio.h(356): error:  #20: identifier "uint16_t" is undefined
ASW\..\MCAL\stm32f10x_gpio.h(356): error:  #20: identifier "GPIO_TypeDef" is undefined
ASW\..\MCAL\stm32f10x_gpio.h(357): error:  #20: identifier "GPIO_TypeDef" is undefined
ASW\..\MCAL\stm32f10x_gpio.h(357): error:  #20: identifier "uint16_t" is undefined
ASW\..\MCAL\stm32f10x_gpio.h(358): error:  #20: identifier "GPIO_TypeDef" is undefined
ASW\..\MCAL\stm32f10x_gpio.h(358): error:  #20: identifier "uint16_t" is undefined
ASW\..\MCAL\stm32f10x_gpio.h(359): error:  #20: identifier "GPIO_TypeDef" is undefined
ASW\..\MCAL\stm32f10x_gpio.h(359): error:  #20: identifier "uint16_t" is undefined
ASW\..\MCAL\stm32f10x_gpio.h(360): error:  #20: identifier "GPIO_TypeDef" is undefined
ASW\..\MCAL\stm32f10x_gpio.h(360): error:  #20: identifier "uint16_t" is undefined
ASW\..\MCAL\stm32f10x_gpio.h(361): error:  #20: identifier "GPIO_TypeDef" is undefined
ASW\..\MCAL\stm32f10x_gpio.h(361): error:  #20: identifier "uint16_t" is undefined
ASW\..\MCAL\stm32f10x_gpio.h(362): error:  #20: identifier "uint8_t" is undefined
ASW\..\MCAL\stm32f10x_gpio.h(362): error:  #20: identifier "uint8_t" is undefined
ASW\..\MCAL\stm32f10x_gpio.h(363): error:  #20: identifier "FunctionalState" is undefined
ASW\..\MCAL\stm32f10x_gpio.h(364): error:  #20: identifier "uint32_t" is undefined
ASW\..\MCAL\stm32f10x_gpio.h(364): error:  #20: identifier "FunctionalState" is undefined
ASW\..\MCAL\stm32f10x_gpio.h(365): error:  #20: identifier "uint8_t" is undefined
ASW\..\MCAL\stm32f10x_gpio.h(365): error:  #20: identifier "uint8_t" is undefined
compiling CanSend.c...
ASW\..\CSW\..\MCAL\stm32f10x_can.h(55): error:  #20: identifier "uint16_t" is undefined
ASW\..\CSW\..\MCAL\stm32f10x_can.h(58): error:  #20: identifier "uint8_t" is undefined
ASW\..\CSW\..\MCAL\stm32f10x_can.h(62): error:  #20: identifier "uint8_t" is undefined
ASW\..\CSW\..\MCAL\stm32f10x_can.h(68): error:  #20: identifier "uint8_t" is undefined
ASW\..\CSW\..\MCAL\stm32f10x_can.h(72): error:  #20: identifier "uint8_t" is undefined
ASW\..\CSW\..\MCAL\stm32f10x_can.h(77): error:  #20: identifier "FunctionalState" is undefined
ASW\..\CSW\..\MCAL\stm32f10x_can.h(81): error:  #20: identifier "FunctionalState" is undefined
ASW\..\CSW\..\MCAL\stm32f10x_can.h(85): error:  #20: identifier "FunctionalState" is undefined
ASW\..\CSW\..\MCAL\stm32f10x_can.h(89): error:  #20: identifier "FunctionalState" is undefined
ASW\..\CSW\..\MCAL\stm32f10x_can.h(93): error:  #20: identifier "FunctionalState" is undefined
ASW\..\CSW\..\MCAL\stm32f10x_can.h(97): error:  #20: identifier "FunctionalState" is undefined
ASW\..\CSW\..\MCAL\stm32f10x_can.h(108): error:  #20: identifier "uint16_t" is undefined
ASW\..\CSW\..\MCAL\stm32f10x_can.h(112): error:  #20: identifier "uint16_t" is undefined
ASW\..\CSW\..\MCAL\stm32f10x_can.h(116): error:  #20: identifier "uint16_t" is undefined
ASW\..\CSW\..\MCAL\stm32f10x_can.h(121): error:  #20: identifier "uint16_t" is undefined
ASW\..\CSW\..\MCAL\stm32f10x_can.h(126): error:  #20: identifier "uint16_t" is undefined
ASW\..\CSW\..\MCAL\stm32f10x_can.h(129): error:  #20: identifier "uint8_t" is undefined
ASW\..\CSW\..\MCAL\stm32f10x_can.h(131): error:  #20: identifier "uint8_t" is undefined
ASW\..\CSW\..\MCAL\stm32f10x_can.h(134): error:  #20: identifier "uint8_t" is undefined
ASW\..\CSW\..\MCAL\stm32f10x_can.h(137): error:  #20: identifier "FunctionalState" is undefined
ASW\..\CSW\..\MCAL\stm32f10x_can.h(147): error:  #20: identifier "uint32_t" is undefined
ASW\..\CSW\..\MCAL\stm32f10x_can.h(150): error:  #20: identifier "uint32_t" is undefined
ASW\..\CSW\..\MCAL\stm32f10x_can.h(153): error:  #20: identifier "uint8_t" is undefined
ASW\..\CSW\..\MCAL\stm32f10x_can.h(157): error:  #20: identifier "uint8_t" is undefined
ASW\..\CSW\..\MCAL\stm32f10x_can.h(161): error:  #20: identifier "uint8_t" is undefined
ASW\..\CSW\..\MCAL\stm32f10x_can.h(165): error:  #20: identifier "uint8_t" is undefined
ASW\..\CSW\..\MCAL\stm32f10x_can.h(175): error:  #20: identifier "uint32_t" is undefined
ASW\..\CSW\..\MCAL\stm32f10x_can.h(178): error:  #20: identifier "uint32_t" is undefined
ASW\..\CSW\..\MCAL\stm32f10x_can.h(181): error:  #20: identifier "uint8_t" is undefined
ASW\..\CSW\..\MCAL\stm32f10x_can.h(185): error:  #20: identifier "uint8_t" is undefined
compiling os.c...
BSW\..\CSW\..\MCAL\misc.h(65): error:  #20: identifier "FunctionalState" is undefined
BSW\..\CSW\..\MCAL\misc.h(199): error:  #20: identifier "FunctionalState" is undefined
BSW\..\CSW\..\MCAL\stm32f10x_can.h(77): error:  #20: identifier "FunctionalState" is undefined
BSW\..\CSW\..\MCAL\stm32f10x_can.h(81): error:  #20: identifier "FunctionalState" is undefined
BSW\..\CSW\..\MCAL\stm32f10x_can.h(85): error:  #20: identifier "FunctionalState" is undefined
BSW\..\CSW\..\MCAL\stm32f10x_can.h(89): error:  #20: identifier "FunctionalState" is undefined
BSW\..\CSW\..\MCAL\stm32f10x_can.h(93): error:  #20: identifier "FunctionalState" is undefined
BSW\..\CSW\..\MCAL\stm32f10x_can.h(97): error:  #20: identifier "FunctionalState" is undefined
BSW\..\CSW\..\MCAL\stm32f10x_can.h(137): error:  #20: identifier "FunctionalState" is undefined
BSW\..\CSW\..\MCAL\stm32f10x_can.h(642): error:  #20: identifier "CAN_TypeDef" is undefined
BSW\..\CSW\..\MCAL\stm32f10x_can.h(645): error:  #20: identifier "CAN_TypeDef" is undefined
BSW\..\CSW\..\MCAL\stm32f10x_can.h(649): error:  #20: identifier "CAN_TypeDef" is undefined
BSW\..\CSW\..\MCAL\stm32f10x_can.h(649): error:  #20: identifier "FunctionalState" is undefined
BSW\..\CSW\..\MCAL\stm32f10x_can.h(650): error:  #20: identifier "CAN_TypeDef" is undefined
BSW\..\CSW\..\MCAL\stm32f10x_can.h(650): error:  #20: identifier "FunctionalState" is undefined
BSW\..\CSW\..\MCAL\stm32f10x_can.h(653): error:  #20: identifier "CAN_TypeDef" is undefined
BSW\..\CSW\..\MCAL\stm32f10x_can.h(654): error:  #20: identifier "CAN_TypeDef" is undefined
BSW\..\CSW\..\MCAL\stm32f10x_can.h(655): error:  #20: identifier "CAN_TypeDef" is undefined
BSW\..\CSW\..\MCAL\stm32f10x_can.h(658): error:  #20: identifier "CAN_TypeDef" is undefined
BSW\..\CSW\..\MCAL\stm32f10x_can.h(659): error:  #20: identifier "CAN_TypeDef" is undefined
BSW\..\CSW\..\MCAL\stm32f10x_can.h(660): error:  #20: identifier "CAN_TypeDef" is undefined
BSW\..\CSW\..\MCAL\stm32f10x_can.h(664): error:  #20: identifier "CAN_TypeDef" is undefined
BSW\..\CSW\..\MCAL\stm32f10x_can.h(665): error:  #20: identifier "CAN_TypeDef" is undefined
BSW\..\CSW\..\MCAL\stm32f10x_can.h(666): error:  #20: identifier "CAN_TypeDef" is undefined
BSW\..\CSW\..\MCAL\stm32f10x_can.h(669): error:  #20: identifier "CAN_TypeDef" is undefined
BSW\..\CSW\..\MCAL\stm32f10x_can.h(670): error:  #20: identifier "CAN_TypeDef" is undefined
BSW\..\CSW\..\MCAL\stm32f10x_can.h(671): error:  #20: identifier "CAN_TypeDef" is undefined
BSW\..\CSW\..\MCAL\stm32f10x_can.h(674): error:  #20: identifier "CAN_TypeDef" is undefined
BSW\..\CSW\..\MCAL\stm32f10x_can.h(674): error:  #20: identifier "FunctionalState" is undefined
BSW\..\CSW\..\MCAL\stm32f10x_can.h(675): error:  #20: identifier "FlagStatus" is undefined
compiling can.c...
CSW\..\MCAL\stm32f10x_gpio.h(93): error:  #20: identifier "uint16_t" is undefined
CSW\..\MCAL\stm32f10x_gpio.h(349): error:  #20: identifier "GPIO_TypeDef" is undefined
CSW\..\MCAL\stm32f10x_gpio.h(351): error:  #20: identifier "GPIO_TypeDef" is undefined
CSW\..\MCAL\stm32f10x_gpio.h(353): error:  #20: identifier "uint8_t" is undefined
CSW\..\MCAL\stm32f10x_gpio.h(353): error:  #20: identifier "GPIO_TypeDef" is undefined
CSW\..\MCAL\stm32f10x_gpio.h(353): error:  #20: identifier "uint16_t" is undefined
CSW\..\MCAL\stm32f10x_gpio.h(354): error:  #20: identifier "uint16_t" is undefined
CSW\..\MCAL\stm32f10x_gpio.h(354): error:  #20: identifier "GPIO_TypeDef" is undefined
CSW\..\MCAL\stm32f10x_gpio.h(355): error:  #20: identifier "uint8_t" is undefined
CSW\..\MCAL\stm32f10x_gpio.h(355): error:  #20: identifier "GPIO_TypeDef" is undefined
CSW\..\MCAL\stm32f10x_gpio.h(355): error:  #20: identifier "uint16_t" is undefined
CSW\..\MCAL\stm32f10x_gpio.h(356): error:  #20: identifier "uint16_t" is undefined
CSW\..\MCAL\stm32f10x_gpio.h(356): error:  #20: identifier "GPIO_TypeDef" is undefined
CSW\..\MCAL\stm32f10x_gpio.h(357): error:  #20: identifier "GPIO_TypeDef" is undefined
CSW\..\MCAL\stm32f10x_gpio.h(357): error:  #20: identifier "uint16_t" is undefined
CSW\..\MCAL\stm32f10x_gpio.h(358): error:  #20: identifier "GPIO_TypeDef" is undefined
CSW\..\MCAL\stm32f10x_gpio.h(358): error:  #20: identifier "uint16_t" is undefined
CSW\..\MCAL\stm32f10x_gpio.h(359): error:  #20: identifier "GPIO_TypeDef" is undefined
CSW\..\MCAL\stm32f10x_gpio.h(359): error:  #20: identifier "uint16_t" is undefined
CSW\..\MCAL\stm32f10x_gpio.h(360): error:  #20: identifier "GPIO_TypeDef" is undefined
CSW\..\MCAL\stm32f10x_gpio.h(360): error:  #20: identifier "uint16_t" is undefined
CSW\..\MCAL\stm32f10x_gpio.h(361): error:  #20: identifier "GPIO_TypeDef" is undefined
CSW\..\MCAL\stm32f10x_gpio.h(361): error:  #20: identifier "uint16_t" is undefined
CSW\..\MCAL\stm32f10x_gpio.h(362): error:  #20: identifier "uint8_t" is undefined
CSW\..\MCAL\stm32f10x_gpio.h(362): error:  #20: identifier "uint8_t" is undefined
CSW\..\MCAL\stm32f10x_gpio.h(363): error:  #20: identifier "FunctionalState" is undefined
CSW\..\MCAL\stm32f10x_gpio.h(364): error:  #20: identifier "uint32_t" is undefined
CSW\..\MCAL\stm32f10x_gpio.h(364): error:  #20: identifier "FunctionalState" is undefined
CSW\..\MCAL\stm32f10x_gpio.h(365): error:  #20: identifier "uint8_t" is undefined
CSW\..\MCAL\stm32f10x_gpio.h(365): error:  #20: identifier "uint8_t" is undefined
compiling can_cfg.c...
CSW\..\MCAL\stm32f10x_can.h(77): error:  #20: identifier "FunctionalState" is undefined
CSW\..\MCAL\stm32f10x_can.h(81): error:  #20: identifier "FunctionalState" is undefined
CSW\..\MCAL\stm32f10x_can.h(85): error:  #20: identifier "FunctionalState" is undefined
CSW\..\MCAL\stm32f10x_can.h(89): error:  #20: identifier "FunctionalState" is undefined
CSW\..\MCAL\stm32f10x_can.h(93): error:  #20: identifier "FunctionalState" is undefined
CSW\..\MCAL\stm32f10x_can.h(97): error:  #20: identifier "FunctionalState" is undefined
CSW\..\MCAL\stm32f10x_can.h(137): error:  #20: identifier "FunctionalState" is undefined
CSW\..\MCAL\stm32f10x_can.h(642): error:  #20: identifier "CAN_TypeDef" is undefined
CSW\..\MCAL\stm32f10x_can.h(645): error:  #20: identifier "CAN_TypeDef" is undefined
CSW\..\MCAL\stm32f10x_can.h(649): error:  #20: identifier "CAN_TypeDef" is undefined
CSW\..\MCAL\stm32f10x_can.h(649): error:  #20: identifier "FunctionalState" is undefined
CSW\..\MCAL\stm32f10x_can.h(650): error:  #20: identifier "CAN_TypeDef" is undefined
CSW\..\MCAL\stm32f10x_can.h(650): error:  #20: identifier "FunctionalState" is undefined
CSW\..\MCAL\stm32f10x_can.h(653): error:  #20: identifier "CAN_TypeDef" is undefined
CSW\..\MCAL\stm32f10x_can.h(654): error:  #20: identifier "CAN_TypeDef" is undefined
CSW\..\MCAL\stm32f10x_can.h(655): error:  #20: identifier "CAN_TypeDef" is undefined
CSW\..\MCAL\stm32f10x_can.h(658): error:  #20: identifier "CAN_TypeDef" is undefined
CSW\..\MCAL\stm32f10x_can.h(659): error:  #20: identifier "CAN_TypeDef" is undefined
CSW\..\MCAL\stm32f10x_can.h(660): error:  #20: identifier "CAN_TypeDef" is undefined
CSW\..\MCAL\stm32f10x_can.h(664): error:  #20: identifier "CAN_TypeDef" is undefined
CSW\..\MCAL\stm32f10x_can.h(665): error:  #20: identifier "CAN_TypeDef" is undefined
CSW\..\MCAL\stm32f10x_can.h(666): error:  #20: identifier "CAN_TypeDef" is undefined
CSW\..\MCAL\stm32f10x_can.h(669): error:  #20: identifier "CAN_TypeDef" is undefined
CSW\..\MCAL\stm32f10x_can.h(670): error:  #20: identifier "CAN_TypeDef" is undefined
CSW\..\MCAL\stm32f10x_can.h(671): error:  #20: identifier "CAN_TypeDef" is undefined
CSW\..\MCAL\stm32f10x_can.h(674): error:  #20: identifier "CAN_TypeDef" is undefined
CSW\..\MCAL\stm32f10x_can.h(674): error:  #20: identifier "FunctionalState" is undefined
CSW\..\MCAL\stm32f10x_can.h(675): error:  #20: identifier "FlagStatus" is undefined
CSW\..\MCAL\stm32f10x_can.h(675): error:  #20: identifier "CAN_TypeDef" is undefined
CSW\..\MCAL\stm32f10x_can.h(676): error:  #20: identifier "CAN_TypeDef" is undefined
compiling clock.c...
CSW\..\MCAL\stm32f10x_rcc.h(48): error:  #20: identifier "uint32_t" is undefined
CSW\..\MCAL\stm32f10x_rcc.h(49): error:  #20: identifier "uint32_t" is undefined
CSW\..\MCAL\stm32f10x_rcc.h(50): error:  #20: identifier "uint32_t" is undefined
CSW\..\MCAL\stm32f10x_rcc.h(51): error:  #20: identifier "uint32_t" is undefined
CSW\..\MCAL\stm32f10x_rcc.h(52): error:  #20: identifier "uint32_t" is undefined
CSW\..\MCAL\stm32f10x_rcc.h(648): error:  #20: identifier "uint32_t" is undefined
CSW\..\MCAL\stm32f10x_rcc.h(649): error:  #20: identifier "ErrorStatus" is undefined
CSW\..\MCAL\stm32f10x_rcc.h(650): error:  #20: identifier "uint8_t" is undefined
CSW\..\MCAL\stm32f10x_rcc.h(651): error:  #20: identifier "FunctionalState" is undefined
CSW\..\MCAL\stm32f10x_rcc.h(652): error:  #20: identifier "uint32_t" is undefined
CSW\..\MCAL\stm32f10x_rcc.h(652): error:  #20: identifier "uint32_t" is undefined
CSW\..\MCAL\stm32f10x_rcc.h(653): error:  #20: identifier "FunctionalState" is undefined
CSW\..\MCAL\stm32f10x_rcc.h(667): error:  #20: identifier "uint32_t" is undefined
CSW\..\MCAL\stm32f10x_rcc.h(668): error:  #20: identifier "uint8_t" is undefined
CSW\..\MCAL\stm32f10x_rcc.h(669): error:  #20: identifier "uint32_t" is undefined
CSW\..\MCAL\stm32f10x_rcc.h(670): error:  #20: identifier "uint32_t" is undefined
CSW\..\MCAL\stm32f10x_rcc.h(671): error:  #20: identifier "uint32_t" is undefined
CSW\..\MCAL\stm32f10x_rcc.h(672): error:  #20: identifier "uint8_t" is undefined
CSW\..\MCAL\stm32f10x_rcc.h(672): error:  #20: identifier "FunctionalState" is undefined
CSW\..\MCAL\stm32f10x_rcc.h(675): error:  #20: identifier "uint32_t" is undefined
CSW\..\MCAL\stm32f10x_rcc.h(680): error:  #20: identifier "uint32_t" is undefined
CSW\..\MCAL\stm32f10x_rcc.h(687): error:  #20: identifier "uint8_t" is undefined
CSW\..\MCAL\stm32f10x_rcc.h(688): error:  #20: identifier "FunctionalState" is undefined
CSW\..\MCAL\stm32f10x_rcc.h(689): error:  #20: identifier "uint32_t" is undefined
CSW\..\MCAL\stm32f10x_rcc.h(690): error:  #20: identifier "FunctionalState" is undefined
CSW\..\MCAL\stm32f10x_rcc.h(692): error:  #20: identifier "uint32_t" is undefined
CSW\..\MCAL\stm32f10x_rcc.h(692): error:  #20: identifier "FunctionalState" is undefined
CSW\..\MCAL\stm32f10x_rcc.h(693): error:  #20: identifier "uint32_t" is undefined
CSW\..\MCAL\stm32f10x_rcc.h(693): error:  #20: identifier "FunctionalState" is undefined
CSW\..\MCAL\stm32f10x_rcc.h(694): error:  #20: identifier "uint32_t" is undefined
compiling fsmc.c...
CSW\..\MCAL\stm32f10x_fsmc.h(52): error:  #20: identifier "uint32_t" is undefined
CSW\..\MCAL\stm32f10x_fsmc.h(57): error:  #20: identifier "uint32_t" is undefined
CSW\..\MCAL\stm32f10x_fsmc.h(62): error:  #20: identifier "uint32_t" is undefined
CSW\..\MCAL\stm32f10x_fsmc.h(67): error:  #20: identifier "uint32_t" is undefined
CSW\..\MCAL\stm32f10x_fsmc.h(72): error:  #20: identifier "uint32_t" is undefined
CSW\..\MCAL\stm32f10x_fsmc.h(76): error:  #20: identifier "uint32_t" is undefined
CSW\..\MCAL\stm32f10x_fsmc.h(84): error:  #20: identifier "uint32_t" is undefined
CSW\..\MCAL\stm32f10x_fsmc.h(94): error:  #20: identifier "uint32_t" is undefined
CSW\..\MCAL\stm32f10x_fsmc.h(97): error:  #20: identifier "uint32_t" is undefined
CSW\..\MCAL\stm32f10x_fsmc.h(101): error:  #20: identifier "uint32_t" is undefined
CSW\..\MCAL\stm32f10x_fsmc.h(105): error:  #20: identifier "uint32_t" is undefined
CSW\..\MCAL\stm32f10x_fsmc.h(108): error:  #20: identifier "uint32_t" is undefined
CSW\..\MCAL\stm32f10x_fsmc.h(112): error:  #20: identifier "uint32_t" is undefined
CSW\..\MCAL\stm32f10x_fsmc.h(116): error:  #20: identifier "uint32_t" is undefined
CSW\..\MCAL\stm32f10x_fsmc.h(120): error:  #20: identifier "uint32_t" is undefined
CSW\..\MCAL\stm32f10x_fsmc.h(124): error:  #20: identifier "uint32_t" is undefined
CSW\..\MCAL\stm32f10x_fsmc.h(129): error:  #20: identifier "uint32_t" is undefined
CSW\..\MCAL\stm32f10x_fsmc.h(132): error:  #20: identifier "uint32_t" is undefined
CSW\..\MCAL\stm32f10x_fsmc.h(136): error:  #20: identifier "uint32_t" is undefined
CSW\..\MCAL\stm32f10x_fsmc.h(139): error:  #20: identifier "uint32_t" is undefined
CSW\..\MCAL\stm32f10x_fsmc.h(153): error:  #20: identifier "uint32_t" is undefined
CSW\..\MCAL\stm32f10x_fsmc.h(159): error:  #20: identifier "uint32_t" is undefined
CSW\..\MCAL\stm32f10x_fsmc.h(165): error:  #20: identifier "uint32_t" is undefined
CSW\..\MCAL\stm32f10x_fsmc.h(172): error:  #20: identifier "uint32_t" is undefined
CSW\..\MCAL\stm32f10x_fsmc.h(185): error:  #20: identifier "uint32_t" is undefined
CSW\..\MCAL\stm32f10x_fsmc.h(188): error:  #20: identifier "uint32_t" is undefined
CSW\..\MCAL\stm32f10x_fsmc.h(191): error:  #20: identifier "uint32_t" is undefined
CSW\..\MCAL\stm32f10x_fsmc.h(194): error:  #20: identifier "uint32_t" is undefined
CSW\..\MCAL\stm32f10x_fsmc.h(197): error:  #20: identifier "uint32_t" is undefined
CSW\..\MCAL\stm32f10x_fsmc.h(200): error:  #20: identifier "uint32_t" is undefined
compiling hwio.c...
CSW\..\MCAL\stm32f10x_gpio.h(93): error:  #20: identifier "uint16_t" is undefined
CSW\..\MCAL\stm32f10x_gpio.h(349): error:  #20: identifier "GPIO_TypeDef" is undefined
CSW\..\MCAL\stm32f10x_gpio.h(351): error:  #20: identifier "GPIO_TypeDef" is undefined
CSW\..\MCAL\stm32f10x_gpio.h(353): error:  #20: identifier "uint8_t" is undefined
CSW\..\MCAL\stm32f10x_gpio.h(353): error:  #20: identifier "GPIO_TypeDef" is undefined
CSW\..\MCAL\stm32f10x_gpio.h(353): error:  #20: identifier "uint16_t" is undefined
CSW\..\MCAL\stm32f10x_gpio.h(354): error:  #20: identifier "uint16_t" is undefined
CSW\..\MCAL\stm32f10x_gpio.h(354): error:  #20: identifier "GPIO_TypeDef" is undefined
CSW\..\MCAL\stm32f10x_gpio.h(355): error:  #20: identifier "uint8_t" is undefined
CSW\..\MCAL\stm32f10x_gpio.h(355): error:  #20: identifier "GPIO_TypeDef" is undefined
CSW\..\MCAL\stm32f10x_gpio.h(355): error:  #20: identifier "uint16_t" is undefined
CSW\..\MCAL\stm32f10x_gpio.h(356): error:  #20: identifier "uint16_t" is undefined
CSW\..\MCAL\stm32f10x_gpio.h(356): error:  #20: identifier "GPIO_TypeDef" is undefined
CSW\..\MCAL\stm32f10x_gpio.h(357): error:  #20: identifier "GPIO_TypeDef" is undefined
CSW\..\MCAL\stm32f10x_gpio.h(357): error:  #20: identifier "uint16_t" is undefined
CSW\..\MCAL\stm32f10x_gpio.h(358): error:  #20: identifier "GPIO_TypeDef" is undefined
CSW\..\MCAL\stm32f10x_gpio.h(358): error:  #20: identifier "uint16_t" is undefined
CSW\..\MCAL\stm32f10x_gpio.h(359): error:  #20: identifier "GPIO_TypeDef" is undefined
CSW\..\MCAL\stm32f10x_gpio.h(359): error:  #20: identifier "uint16_t" is undefined
CSW\..\MCAL\stm32f10x_gpio.h(360): error:  #20: identifier "GPIO_TypeDef" is undefined
CSW\..\MCAL\stm32f10x_gpio.h(360): error:  #20: identifier "uint16_t" is undefined
CSW\..\MCAL\stm32f10x_gpio.h(361): error:  #20: identifier "GPIO_TypeDef" is undefined
CSW\..\MCAL\stm32f10x_gpio.h(361): error:  #20: identifier "uint16_t" is undefined
CSW\..\MCAL\stm32f10x_gpio.h(362): error:  #20: identifier "uint8_t" is undefined
CSW\..\MCAL\stm32f10x_gpio.h(362): error:  #20: identifier "uint8_t" is undefined
CSW\..\MCAL\stm32f10x_gpio.h(363): error:  #20: identifier "FunctionalState" is undefined
CSW\..\MCAL\stm32f10x_gpio.h(364): error:  #20: identifier "uint32_t" is undefined
CSW\..\MCAL\stm32f10x_gpio.h(364): error:  #20: identifier "FunctionalState" is undefined
CSW\..\MCAL\stm32f10x_gpio.h(365): error:  #20: identifier "uint8_t" is undefined
CSW\..\MCAL\stm32f10x_gpio.h(365): error:  #20: identifier "uint8_t" is undefined
compiling interrupt.c...
CSW\..\MCAL\misc.h(52): error:  #20: identifier "uint8_t" is undefined
CSW\..\MCAL\misc.h(57): error:  #20: identifier "uint8_t" is undefined
CSW\..\MCAL\misc.h(61): error:  #20: identifier "uint8_t" is undefined
CSW\..\MCAL\misc.h(65): error:  #20: identifier "FunctionalState" is undefined
CSW\..\MCAL\misc.h(196): error:  #20: identifier "uint32_t" is undefined
CSW\..\MCAL\misc.h(198): error:  #20: identifier "uint32_t" is undefined
CSW\..\MCAL\misc.h(198): error:  #20: identifier "uint32_t" is undefined
CSW\..\MCAL\misc.h(199): error:  #20: identifier "uint8_t" is undefined
CSW\..\MCAL\misc.h(199): error:  #20: identifier "FunctionalState" is undefined
CSW\..\MCAL\misc.h(200): error:  #20: identifier "uint32_t" is undefined
CSW\interrupt.c(5): error:  #20: identifier "uint32_t" is undefined
CSW\interrupt.c(5): error:  #18: expected a ")"
compiling timer.c...
CSW\..\MCAL\stm32f10x_tim.h(53): error:  #20: identifier "uint16_t" is undefined
CSW\..\MCAL\stm32f10x_tim.h(56): error:  #20: identifier "uint16_t" is undefined
CSW\..\MCAL\stm32f10x_tim.h(59): error:  #20: identifier "uint16_t" is undefined
CSW\..\MCAL\stm32f10x_tim.h(63): error:  #20: identifier "uint16_t" is undefined
CSW\..\MCAL\stm32f10x_tim.h(66): error:  #20: identifier "uint8_t" is undefined
CSW\..\MCAL\stm32f10x_tim.h(82): error:  #20: identifier "uint16_t" is undefined
CSW\..\MCAL\stm32f10x_tim.h(85): error:  #20: identifier "uint16_t" is undefined
CSW\..\MCAL\stm32f10x_tim.h(88): error:  #20: identifier "uint16_t" is undefined
CSW\..\MCAL\stm32f10x_tim.h(92): error:  #20: identifier "uint16_t" is undefined
CSW\..\MCAL\stm32f10x_tim.h(95): error:  #20: identifier "uint16_t" is undefined
CSW\..\MCAL\stm32f10x_tim.h(98): error:  #20: identifier "uint16_t" is undefined
CSW\..\MCAL\stm32f10x_tim.h(102): error:  #20: identifier "uint16_t" is undefined
CSW\..\MCAL\stm32f10x_tim.h(106): error:  #20: identifier "uint16_t" is undefined
CSW\..\MCAL\stm32f10x_tim.h(118): error:  #20: identifier "uint16_t" is undefined
CSW\..\MCAL\stm32f10x_tim.h(121): error:  #20: identifier "uint16_t" is undefined
CSW\..\MCAL\stm32f10x_tim.h(124): error:  #20: identifier "uint16_t" is undefined
CSW\..\MCAL\stm32f10x_tim.h(127): error:  #20: identifier "uint16_t" is undefined
CSW\..\MCAL\stm32f10x_tim.h(130): error:  #20: identifier "uint16_t" is undefined
CSW\..\MCAL\stm32f10x_tim.h(142): error:  #20: identifier "uint16_t" is undefined
CSW\..\MCAL\stm32f10x_tim.h(145): error:  #20: identifier "uint16_t" is undefined
CSW\..\MCAL\stm32f10x_tim.h(148): error:  #20: identifier "uint16_t" is undefined
CSW\..\MCAL\stm32f10x_tim.h(151): error:  #20: identifier "uint16_t" is undefined
CSW\..\MCAL\stm32f10x_tim.h(155): error:  #20: identifier "uint16_t" is undefined
CSW\..\MCAL\stm32f10x_tim.h(158): error:  #20: identifier "uint16_t" is undefined
CSW\..\MCAL\stm32f10x_tim.h(161): error:  #20: identifier "uint16_t" is undefined
CSW\..\MCAL\stm32f10x_tim.h(1054): error:  #20: identifier "TIM_TypeDef" is undefined
CSW\..\MCAL\stm32f10x_tim.h(1055): error:  #20: identifier "TIM_TypeDef" is undefined
CSW\..\MCAL\stm32f10x_tim.h(1056): error:  #20: identifier "TIM_TypeDef" is undefined
CSW\..\MCAL\stm32f10x_tim.h(1057): error:  #20: identifier "TIM_TypeDef" is undefined
CSW\..\MCAL\stm32f10x_tim.h(1058): error:  #20: identifier "TIM_TypeDef" is undefined
compiling watchdog.c...
CSW\..\MCAL\stm32f10x_wwdg.h(89): error:  #20: identifier "uint32_t" is undefined
CSW\..\MCAL\stm32f10x_wwdg.h(90): error:  #20: identifier "uint8_t" is undefined
CSW\..\MCAL\stm32f10x_wwdg.h(92): error:  #20: identifier "uint8_t" is undefined
CSW\..\MCAL\stm32f10x_wwdg.h(93): error:  #20: identifier "uint8_t" is undefined
CSW\..\MCAL\stm32f10x_wwdg.h(94): error:  #20: identifier "FlagStatus" is undefined
CSW\..\MCAL\stm32f10x_iwdg.h(116): error:  #20: identifier "uint16_t" is undefined
CSW\..\MCAL\stm32f10x_iwdg.h(117): error:  #20: identifier "uint8_t" is undefined
CSW\..\MCAL\stm32f10x_iwdg.h(118): error:  #20: identifier "uint16_t" is undefined
CSW\..\MCAL\stm32f10x_iwdg.h(121): error:  #20: identifier "FlagStatus" is undefined
CSW\..\MCAL\stm32f10x_iwdg.h(121): error:  #20: identifier "uint16_t" is undefined
CSW\watchdog.h(8): error:  #20: identifier "FlagStatus" is undefined
CSW\watchdog.h(9): error:  #20: identifier "FlagStatus" is undefined
CSW\watchdog.h(10): error:  #20: identifier "FlagStatus" is undefined
CSW\watchdog.c(16): error:  #20: identifier "uint16_t" is undefined
CSW\watchdog.c(16): error:  #18: expected a ")"
CSW\watchdog.c(17): error:  #20: identifier "uint8_t" is undefined
CSW\watchdog.c(17): error:  #18: expected a ")"
CSW\watchdog.c(47): error:  #20: identifier "FlagStatus" is undefined
CSW\watchdog.c(50): error:  #20: identifier "uint16_t" is undefined
CSW\watchdog.c(50): error:  #18: expected a ")"
CSW\watchdog.c(53): error:  #20: identifier "FlagStatus" is undefined
CSW\watchdog.c(56): error:  #20: identifier "uint16_t" is undefined
CSW\watchdog.c(56): error:  #18: expected a ")"
CSW\watchdog.c(60): error:  #20: identifier "FlagStatus" is undefined
compiling TimingTest.c...
CSW\..\MCAL\stm32f10x_gpio.h(349): error:  #20: identifier "GPIO_TypeDef" is undefined
CSW\..\MCAL\stm32f10x_gpio.h(351): error:  #20: identifier "GPIO_TypeDef" is undefined
CSW\..\MCAL\stm32f10x_gpio.h(353): error:  #20: identifier "GPIO_TypeDef" is undefined
CSW\..\MCAL\stm32f10x_gpio.h(354): error:  #20: identifier "GPIO_TypeDef" is undefined
CSW\..\MCAL\stm32f10x_gpio.h(355): error:  #20: identifier "GPIO_TypeDef" is undefined
CSW\..\MCAL\stm32f10x_gpio.h(356): error:  #20: identifier "GPIO_TypeDef" is undefined
CSW\..\MCAL\stm32f10x_gpio.h(357): error:  #20: identifier "GPIO_TypeDef" is undefined
CSW\..\MCAL\stm32f10x_gpio.h(358): error:  #20: identifier "GPIO_TypeDef" is undefined
CSW\..\MCAL\stm32f10x_gpio.h(359): error:  #20: identifier "GPIO_TypeDef" is undefined
CSW\..\MCAL\stm32f10x_gpio.h(360): error:  #20: identifier "GPIO_TypeDef" is undefined
CSW\..\MCAL\stm32f10x_gpio.h(361): error:  #20: identifier "GPIO_TypeDef" is undefined
CSW\..\MCAL\stm32f10x_gpio.h(363): error:  #20: identifier "FunctionalState" is undefined
CSW\..\MCAL\stm32f10x_gpio.h(364): error:  #20: identifier "FunctionalState" is undefined
CSW\TimingTest.c(12): error:  #20: identifier "GPIOA" is undefined
CSW\TimingTest.c(36): error:  #20: identifier "GPIOA" is undefined
compiling misc.c...
MCAL\misc.h(52): error:  #20: identifier "uint8_t" is undefined
MCAL\misc.h(57): error:  #20: identifier "uint8_t" is undefined
MCAL\misc.h(61): error:  #20: identifier "uint8_t" is undefined
MCAL\misc.h(65): error:  #20: identifier "FunctionalState" is undefined
MCAL\misc.h(196): error:  #20: identifier "uint32_t" is undefined
MCAL\misc.h(198): error:  #20: identifier "uint32_t" is undefined
MCAL\misc.h(198): error:  #20: identifier "uint32_t" is undefined
MCAL\misc.h(199): error:  #20: identifier "uint8_t" is undefined
MCAL\misc.h(199): error:  #20: identifier "FunctionalState" is undefined
MCAL\misc.h(200): error:  #20: identifier "uint32_t" is undefined
MCAL\misc.c(96): error:  #20: identifier "uint32_t" is undefined
MCAL\misc.c(99): warning:  #223-D: function "assert_param" declared implicitly
MCAL\misc.c(99): error:  #20: identifier "uint32_t" is undefined
MCAL\misc.c(99): error:  #18: expected a ")"
MCAL\misc.c(99): error:  #18: expected a ")"
MCAL\misc.c(99): error:  #18: expected a ")"
MCAL\misc.c(99): error:  #18: expected a ")"
MCAL\misc.c(99): error:  #18: expected a ")"
MCAL\misc.c(102): error:  #20: identifier "SCB" is undefined
MCAL\misc.c(102): error:  #18: expected a ")"
MCAL\misc.c(114): error:  #20: identifier "uint32_t" is undefined
MCAL\misc.c(117): warning:  #223-D: function "assert_param" declared implicitly
MCAL\misc.c(117): warning:  #223-D: function "IS_FUNCTIONAL_STATE" declared implicitly
MCAL\misc.c(121): error:  #20: identifier "DISABLE" is undefined
MCAL\misc.c(124): error:  #20: identifier "SCB" is undefined
MCAL\misc.c(124): error:  #20: identifier "uint32_t" is undefined
MCAL\misc.c(124): error:  #18: expected a ")"
MCAL\misc.c(128): error:  #65: expected a ";"
MCAL\misc.c(132): error:  #20: identifier "NVIC" is undefined
MCAL\misc.c(136): error:  #65: expected a ";"
MCAL\misc.c(141): error:  #20: identifier "NVIC" is undefined
MCAL\misc.c(142): error:  #20: identifier "uint32_t" is undefined
MCAL\misc.c(142): error:  #65: expected a ";"
compiling stm32f10x_gpio.c...
MCAL\stm32f10x_gpio.h(93): error:  #20: identifier "uint16_t" is undefined
MCAL\stm32f10x_gpio.h(349): error:  #20: identifier "GPIO_TypeDef" is undefined
MCAL\stm32f10x_gpio.h(351): error:  #20: identifier "GPIO_TypeDef" is undefined
MCAL\stm32f10x_gpio.h(353): error:  #20: identifier "uint8_t" is undefined
MCAL\stm32f10x_gpio.h(353): error:  #20: identifier "GPIO_TypeDef" is undefined
MCAL\stm32f10x_gpio.h(353): error:  #20: identifier "uint16_t" is undefined
MCAL\stm32f10x_gpio.h(354): error:  #20: identifier "uint16_t" is undefined
MCAL\stm32f10x_gpio.h(354): error:  #20: identifier "GPIO_TypeDef" is undefined
MCAL\stm32f10x_gpio.h(355): error:  #20: identifier "uint8_t" is undefined
MCAL\stm32f10x_gpio.h(355): error:  #20: identifier "GPIO_TypeDef" is undefined
MCAL\stm32f10x_gpio.h(355): error:  #20: identifier "uint16_t" is undefined
MCAL\stm32f10x_gpio.h(356): error:  #20: identifier "uint16_t" is undefined
MCAL\stm32f10x_gpio.h(356): error:  #20: identifier "GPIO_TypeDef" is undefined
MCAL\stm32f10x_gpio.h(357): error:  #20: identifier "GPIO_TypeDef" is undefined
MCAL\stm32f10x_gpio.h(357): error:  #20: identifier "uint16_t" is undefined
MCAL\stm32f10x_gpio.h(358): error:  #20: identifier "GPIO_TypeDef" is undefined
MCAL\stm32f10x_gpio.h(358): error:  #20: identifier "uint16_t" is undefined
MCAL\stm32f10x_gpio.h(359): error:  #20: identifier "GPIO_TypeDef" is undefined
MCAL\stm32f10x_gpio.h(359): error:  #20: identifier "uint16_t" is undefined
MCAL\stm32f10x_gpio.h(360): error:  #20: identifier "GPIO_TypeDef" is undefined
MCAL\stm32f10x_gpio.h(360): error:  #20: identifier "uint16_t" is undefined
MCAL\stm32f10x_gpio.h(361): error:  #20: identifier "GPIO_TypeDef" is undefined
MCAL\stm32f10x_gpio.h(361): error:  #20: identifier "uint16_t" is undefined
MCAL\stm32f10x_gpio.h(362): error:  #20: identifier "uint8_t" is undefined
MCAL\stm32f10x_gpio.h(362): error:  #20: identifier "uint8_t" is undefined
MCAL\stm32f10x_gpio.h(363): error:  #20: identifier "FunctionalState" is undefined
MCAL\stm32f10x_gpio.h(364): error:  #20: identifier "uint32_t" is undefined
MCAL\stm32f10x_gpio.h(364): error:  #20: identifier "FunctionalState" is undefined
MCAL\stm32f10x_gpio.h(365): error:  #20: identifier "uint8_t" is undefined
MCAL\stm32f10x_gpio.h(365): error:  #20: identifier "uint8_t" is undefined
compiling stm32f10x_tim.c...
MCAL\stm32f10x_tim.h(53): error:  #20: identifier "uint16_t" is undefined
MCAL\stm32f10x_tim.h(56): error:  #20: identifier "uint16_t" is undefined
MCAL\stm32f10x_tim.h(59): error:  #20: identifier "uint16_t" is undefined
MCAL\stm32f10x_tim.h(63): error:  #20: identifier "uint16_t" is undefined
MCAL\stm32f10x_tim.h(66): error:  #20: identifier "uint8_t" is undefined
MCAL\stm32f10x_tim.h(82): error:  #20: identifier "uint16_t" is undefined
MCAL\stm32f10x_tim.h(85): error:  #20: identifier "uint16_t" is undefined
MCAL\stm32f10x_tim.h(88): error:  #20: identifier "uint16_t" is undefined
MCAL\stm32f10x_tim.h(92): error:  #20: identifier "uint16_t" is undefined
MCAL\stm32f10x_tim.h(95): error:  #20: identifier "uint16_t" is undefined
MCAL\stm32f10x_tim.h(98): error:  #20: identifier "uint16_t" is undefined
MCAL\stm32f10x_tim.h(102): error:  #20: identifier "uint16_t" is undefined
MCAL\stm32f10x_tim.h(106): error:  #20: identifier "uint16_t" is undefined
MCAL\stm32f10x_tim.h(118): error:  #20: identifier "uint16_t" is undefined
MCAL\stm32f10x_tim.h(121): error:  #20: identifier "uint16_t" is undefined
MCAL\stm32f10x_tim.h(124): error:  #20: identifier "uint16_t" is undefined
MCAL\stm32f10x_tim.h(127): error:  #20: identifier "uint16_t" is undefined
MCAL\stm32f10x_tim.h(130): error:  #20: identifier "uint16_t" is undefined
MCAL\stm32f10x_tim.h(142): error:  #20: identifier "uint16_t" is undefined
MCAL\stm32f10x_tim.h(145): error:  #20: identifier "uint16_t" is undefined
MCAL\stm32f10x_tim.h(148): error:  #20: identifier "uint16_t" is undefined
MCAL\stm32f10x_tim.h(151): error:  #20: identifier "uint16_t" is undefined
MCAL\stm32f10x_tim.h(155): error:  #20: identifier "uint16_t" is undefined
MCAL\stm32f10x_tim.h(158): error:  #20: identifier "uint16_t" is undefined
MCAL\stm32f10x_tim.h(161): error:  #20: identifier "uint16_t" is undefined
MCAL\stm32f10x_tim.h(1054): error:  #20: identifier "TIM_TypeDef" is undefined
MCAL\stm32f10x_tim.h(1055): error:  #20: identifier "TIM_TypeDef" is undefined
MCAL\stm32f10x_tim.h(1056): error:  #20: identifier "TIM_TypeDef" is undefined
MCAL\stm32f10x_tim.h(1057): error:  #20: identifier "TIM_TypeDef" is undefined
MCAL\stm32f10x_tim.h(1058): error:  #20: identifier "TIM_TypeDef" is undefined
compiling system_stm32f10x.c...
MCAL\system_stm32f10x.c(162): error:  #20: identifier "uint32_t" is undefined
MCAL\system_stm32f10x.c(167): error:  #20: identifier "__I" is undefined
MCAL\system_stm32f10x.c(167): error:  #65: expected a ";"
MCAL\system_stm32f10x.c(216): error:  #20: identifier "RCC" is undefined
MCAL\system_stm32f10x.c(216): error:  #20: identifier "uint32_t" is undefined
MCAL\system_stm32f10x.c(216): error:  #65: expected a ";"
MCAL\system_stm32f10x.c(220): error:  #65: expected a ";"
MCAL\system_stm32f10x.c(226): error:  #65: expected a ";"
MCAL\system_stm32f10x.c(229): error:  #65: expected a ";"
MCAL\system_stm32f10x.c(232): error:  #65: expected a ";"
MCAL\system_stm32f10x.c(267): error:  #20: identifier "SCB" is undefined
MCAL\system_stm32f10x.c(267): error:  #20: identifier "FLASH_BASE" is undefined
MCAL\system_stm32f10x.c(308): error:  #20: identifier "uint32_t" is undefined
MCAL\system_stm32f10x.c(319): error:  #20: identifier "RCC" is undefined
MCAL\system_stm32f10x.c(319): error:  #20: identifier "RCC_CFGR_SWS" is undefined
MCAL\system_stm32f10x.c(324): error:  #20: identifier "HSI_VALUE" is undefined
MCAL\system_stm32f10x.c(327): error:  #20: identifier "HSE_VALUE" is undefined
MCAL\system_stm32f10x.c(332): error:  #20: identifier "RCC_CFGR_PLLMULL" is undefined
MCAL\system_stm32f10x.c(333): error:  #20: identifier "RCC_CFGR_PLLSRC" is undefined
MCAL\system_stm32f10x.c(351): error:  #20: identifier "RCC_CFGR_PLLXTPRE" is undefined
MCAL\system_stm32f10x.c(351): error:  #20: identifier "uint32_t" is undefined
MCAL\system_stm32f10x.c(351): error:  #18: expected a ")"
MCAL\system_stm32f10x.c(409): error:  #20: identifier "AHBPrescTable" is undefined
MCAL\system_stm32f10x.c(409): error:  #20: identifier "RCC_CFGR_HPRE" is undefined
MCAL\system_stm32f10x.c(989): error:  #20: identifier "__IO" is undefined
MCAL\system_stm32f10x.c(989): error:  #65: expected a ";"
MCAL\system_stm32f10x.c(993): error:  #20: identifier "RCC" is undefined
MCAL\system_stm32f10x.c(993): error:  #18: expected a ")"
MCAL\system_stm32f10x.c(998): error:  #20: identifier "HSEStatus" is undefined
MCAL\system_stm32f10x.c(998): error:  #20: identifier "RCC_CR_HSERDY" is undefined
compiling stm32f10x_rcc.c...
MCAL\stm32f10x_rcc.h(48): error:  #20: identifier "uint32_t" is undefined
MCAL\stm32f10x_rcc.h(49): error:  #20: identifier "uint32_t" is undefined
MCAL\stm32f10x_rcc.h(50): error:  #20: identifier "uint32_t" is undefined
MCAL\stm32f10x_rcc.h(51): error:  #20: identifier "uint32_t" is undefined
MCAL\stm32f10x_rcc.h(52): error:  #20: identifier "uint32_t" is undefined
MCAL\stm32f10x_rcc.h(648): error:  #20: identifier "uint32_t" is undefined
MCAL\stm32f10x_rcc.h(649): error:  #20: identifier "ErrorStatus" is undefined
MCAL\stm32f10x_rcc.h(650): error:  #20: identifier "uint8_t" is undefined
MCAL\stm32f10x_rcc.h(651): error:  #20: identifier "FunctionalState" is undefined
MCAL\stm32f10x_rcc.h(652): error:  #20: identifier "uint32_t" is undefined
MCAL\stm32f10x_rcc.h(652): error:  #20: identifier "uint32_t" is undefined
MCAL\stm32f10x_rcc.h(653): error:  #20: identifier "FunctionalState" is undefined
MCAL\stm32f10x_rcc.h(667): error:  #20: identifier "uint32_t" is undefined
MCAL\stm32f10x_rcc.h(668): error:  #20: identifier "uint8_t" is undefined
MCAL\stm32f10x_rcc.h(669): error:  #20: identifier "uint32_t" is undefined
MCAL\stm32f10x_rcc.h(670): error:  #20: identifier "uint32_t" is undefined
MCAL\stm32f10x_rcc.h(671): error:  #20: identifier "uint32_t" is undefined
MCAL\stm32f10x_rcc.h(672): error:  #20: identifier "uint8_t" is undefined
MCAL\stm32f10x_rcc.h(672): error:  #20: identifier "FunctionalState" is undefined
MCAL\stm32f10x_rcc.h(675): error:  #20: identifier "uint32_t" is undefined
MCAL\stm32f10x_rcc.h(680): error:  #20: identifier "uint32_t" is undefined
MCAL\stm32f10x_rcc.h(687): error:  #20: identifier "uint8_t" is undefined
MCAL\stm32f10x_rcc.h(688): error:  #20: identifier "FunctionalState" is undefined
MCAL\stm32f10x_rcc.h(689): error:  #20: identifier "uint32_t" is undefined
MCAL\stm32f10x_rcc.h(690): error:  #20: identifier "FunctionalState" is undefined
MCAL\stm32f10x_rcc.h(692): error:  #20: identifier "uint32_t" is undefined
MCAL\stm32f10x_rcc.h(692): error:  #20: identifier "FunctionalState" is undefined
MCAL\stm32f10x_rcc.h(693): error:  #20: identifier "uint32_t" is undefined
MCAL\stm32f10x_rcc.h(693): error:  #20: identifier "FunctionalState" is undefined
MCAL\stm32f10x_rcc.h(694): error:  #20: identifier "uint32_t" is undefined
compiling stm32f10x_adc.c...
MCAL\stm32f10x_adc.h(53): error:  #20: identifier "uint32_t" is undefined
MCAL\stm32f10x_adc.h(57): error:  #20: identifier "FunctionalState" is undefined
MCAL\stm32f10x_adc.h(61): error:  #20: identifier "FunctionalState" is undefined
MCAL\stm32f10x_adc.h(65): error:  #20: identifier "uint32_t" is undefined
MCAL\stm32f10x_adc.h(69): error:  #20: identifier "uint32_t" is undefined
MCAL\stm32f10x_adc.h(72): error:  #20: identifier "uint8_t" is undefined
MCAL\stm32f10x_adc.h(429): error:  #20: identifier "ADC_TypeDef" is undefined
MCAL\stm32f10x_adc.h(430): error:  #20: identifier "ADC_TypeDef" is undefined
MCAL\stm32f10x_adc.h(432): error:  #20: identifier "ADC_TypeDef" is undefined
MCAL\stm32f10x_adc.h(432): error:  #20: identifier "FunctionalState" is undefined
MCAL\stm32f10x_adc.h(433): error:  #20: identifier "ADC_TypeDef" is undefined
MCAL\stm32f10x_adc.h(433): error:  #20: identifier "FunctionalState" is undefined
MCAL\stm32f10x_adc.h(434): error:  #20: identifier "ADC_TypeDef" is undefined
MCAL\stm32f10x_adc.h(434): error:  #20: identifier "uint16_t" is undefined
MCAL\stm32f10x_adc.h(434): error:  #20: identifier "FunctionalState" is undefined
MCAL\stm32f10x_adc.h(435): error:  #20: identifier "ADC_TypeDef" is undefined
MCAL\stm32f10x_adc.h(436): error:  #20: identifier "FlagStatus" is undefined
MCAL\stm32f10x_adc.h(436): error:  #20: identifier "ADC_TypeDef" is undefined
MCAL\stm32f10x_adc.h(437): error:  #20: identifier "ADC_TypeDef" is undefined
MCAL\stm32f10x_adc.h(438): error:  #20: identifier "FlagStatus" is undefined
MCAL\stm32f10x_adc.h(438): error:  #20: identifier "ADC_TypeDef" is undefined
MCAL\stm32f10x_adc.h(439): error:  #20: identifier "ADC_TypeDef" is undefined
MCAL\stm32f10x_adc.h(439): error:  #20: identifier "FunctionalState" is undefined
MCAL\stm32f10x_adc.h(440): error:  #20: identifier "FlagStatus" is undefined
MCAL\stm32f10x_adc.h(440): error:  #20: identifier "ADC_TypeDef" is undefined
MCAL\stm32f10x_adc.h(441): error:  #20: identifier "ADC_TypeDef" is undefined
MCAL\stm32f10x_adc.h(441): error:  #20: identifier "uint8_t" is undefined
MCAL\stm32f10x_adc.h(442): error:  #20: identifier "ADC_TypeDef" is undefined
MCAL\stm32f10x_adc.h(442): error:  #20: identifier "FunctionalState" is undefined
MCAL\stm32f10x_adc.h(443): error:  #20: identifier "ADC_TypeDef" is undefined
compiling stm32f10x_bkp.c...
MCAL\stm32f10x_bkp.h(166): error:  #20: identifier "uint16_t" is undefined
MCAL\stm32f10x_bkp.h(167): error:  #20: identifier "FunctionalState" is undefined
MCAL\stm32f10x_bkp.h(168): error:  #20: identifier "FunctionalState" is undefined
MCAL\stm32f10x_bkp.h(169): error:  #20: identifier "uint16_t" is undefined
MCAL\stm32f10x_bkp.h(170): error:  #20: identifier "uint8_t" is undefined
MCAL\stm32f10x_bkp.h(171): error:  #20: identifier "uint16_t" is undefined
MCAL\stm32f10x_bkp.h(171): error:  #20: identifier "uint16_t" is undefined
MCAL\stm32f10x_bkp.h(172): error:  #20: identifier "uint16_t" is undefined
MCAL\stm32f10x_bkp.h(172): error:  #20: identifier "uint16_t" is undefined
MCAL\stm32f10x_bkp.h(173): error:  #20: identifier "FlagStatus" is undefined
MCAL\stm32f10x_bkp.h(175): error:  #20: identifier "ITStatus" is undefined
MCAL\stm32f10x_rcc.h(48): error:  #20: identifier "uint32_t" is undefined
MCAL\stm32f10x_rcc.h(49): error:  #20: identifier "uint32_t" is undefined
MCAL\stm32f10x_rcc.h(50): error:  #20: identifier "uint32_t" is undefined
MCAL\stm32f10x_rcc.h(51): error:  #20: identifier "uint32_t" is undefined
MCAL\stm32f10x_rcc.h(52): error:  #20: identifier "uint32_t" is undefined
MCAL\stm32f10x_rcc.h(648): error:  #20: identifier "uint32_t" is undefined
MCAL\stm32f10x_rcc.h(649): error:  #20: identifier "ErrorStatus" is undefined
MCAL\stm32f10x_rcc.h(650): error:  #20: identifier "uint8_t" is undefined
MCAL\stm32f10x_rcc.h(651): error:  #20: identifier "FunctionalState" is undefined
MCAL\stm32f10x_rcc.h(652): error:  #20: identifier "uint32_t" is undefined
MCAL\stm32f10x_rcc.h(652): error:  #20: identifier "uint32_t" is undefined
MCAL\stm32f10x_rcc.h(653): error:  #20: identifier "FunctionalState" is undefined
MCAL\stm32f10x_rcc.h(667): error:  #20: identifier "uint32_t" is undefined
MCAL\stm32f10x_rcc.h(668): error:  #20: identifier "uint8_t" is undefined
MCAL\stm32f10x_rcc.h(669): error:  #20: identifier "uint32_t" is undefined
MCAL\stm32f10x_rcc.h(670): error:  #20: identifier "uint32_t" is undefined
MCAL\stm32f10x_rcc.h(671): error:  #20: identifier "uint32_t" is undefined
MCAL\stm32f10x_rcc.h(672): error:  #20: identifier "uint8_t" is undefined
MCAL\stm32f10x_rcc.h(672): error:  #20: identifier "FunctionalState" is undefined
compiling stm32f10x_can.c...
MCAL\stm32f10x_can.h(55): error:  #20: identifier "uint16_t" is undefined
MCAL\stm32f10x_can.h(58): error:  #20: identifier "uint8_t" is undefined
MCAL\stm32f10x_can.h(62): error:  #20: identifier "uint8_t" is undefined
MCAL\stm32f10x_can.h(68): error:  #20: identifier "uint8_t" is undefined
MCAL\stm32f10x_can.h(72): error:  #20: identifier "uint8_t" is undefined
MCAL\stm32f10x_can.h(77): error:  #20: identifier "FunctionalState" is undefined
MCAL\stm32f10x_can.h(81): error:  #20: identifier "FunctionalState" is undefined
MCAL\stm32f10x_can.h(85): error:  #20: identifier "FunctionalState" is undefined
MCAL\stm32f10x_can.h(89): error:  #20: identifier "FunctionalState" is undefined
MCAL\stm32f10x_can.h(93): error:  #20: identifier "FunctionalState" is undefined
MCAL\stm32f10x_can.h(97): error:  #20: identifier "FunctionalState" is undefined
MCAL\stm32f10x_can.h(108): error:  #20: identifier "uint16_t" is undefined
MCAL\stm32f10x_can.h(112): error:  #20: identifier "uint16_t" is undefined
MCAL\stm32f10x_can.h(116): error:  #20: identifier "uint16_t" is undefined
MCAL\stm32f10x_can.h(121): error:  #20: identifier "uint16_t" is undefined
MCAL\stm32f10x_can.h(126): error:  #20: identifier "uint16_t" is undefined
MCAL\stm32f10x_can.h(129): error:  #20: identifier "uint8_t" is undefined
MCAL\stm32f10x_can.h(131): error:  #20: identifier "uint8_t" is undefined
MCAL\stm32f10x_can.h(134): error:  #20: identifier "uint8_t" is undefined
MCAL\stm32f10x_can.h(137): error:  #20: identifier "FunctionalState" is undefined
MCAL\stm32f10x_can.h(147): error:  #20: identifier "uint32_t" is undefined
MCAL\stm32f10x_can.h(150): error:  #20: identifier "uint32_t" is undefined
MCAL\stm32f10x_can.h(153): error:  #20: identifier "uint8_t" is undefined
MCAL\stm32f10x_can.h(157): error:  #20: identifier "uint8_t" is undefined
MCAL\stm32f10x_can.h(161): error:  #20: identifier "uint8_t" is undefined
MCAL\stm32f10x_can.h(165): error:  #20: identifier "uint8_t" is undefined
MCAL\stm32f10x_can.h(175): error:  #20: identifier "uint32_t" is undefined
MCAL\stm32f10x_can.h(178): error:  #20: identifier "uint32_t" is undefined
MCAL\stm32f10x_can.h(181): error:  #20: identifier "uint8_t" is undefined
MCAL\stm32f10x_can.h(185): error:  #20: identifier "uint8_t" is undefined
compiling stm32f10x_cec.c...
MCAL\stm32f10x_cec.h(52): error:  #20: identifier "uint16_t" is undefined
MCAL\stm32f10x_cec.h(54): error:  #20: identifier "uint16_t" is undefined
MCAL\stm32f10x_cec.h(179): error:  #20: identifier "FunctionalState" is undefined
MCAL\stm32f10x_cec.h(180): error:  #20: identifier "FunctionalState" is undefined
MCAL\stm32f10x_cec.h(181): error:  #20: identifier "uint8_t" is undefined
MCAL\stm32f10x_cec.h(182): error:  #20: identifier "uint16_t" is undefined
MCAL\stm32f10x_cec.h(183): error:  #20: identifier "uint8_t" is undefined
MCAL\stm32f10x_cec.h(184): error:  #20: identifier "uint8_t" is undefined
MCAL\stm32f10x_cec.h(186): error:  #20: identifier "FunctionalState" is undefined
MCAL\stm32f10x_cec.h(187): error:  #20: identifier "FlagStatus" is undefined
MCAL\stm32f10x_cec.h(187): error:  #20: identifier "uint32_t" is undefined
MCAL\stm32f10x_cec.h(188): error:  #20: identifier "uint32_t" is undefined
MCAL\stm32f10x_cec.h(189): error:  #20: identifier "ITStatus" is undefined
MCAL\stm32f10x_cec.h(189): error:  #20: identifier "uint8_t" is undefined
MCAL\stm32f10x_cec.h(190): error:  #20: identifier "uint16_t" is undefined
MCAL\stm32f10x_rcc.h(48): error:  #20: identifier "uint32_t" is undefined
MCAL\stm32f10x_rcc.h(49): error:  #20: identifier "uint32_t" is undefined
MCAL\stm32f10x_rcc.h(50): error:  #20: identifier "uint32_t" is undefined
MCAL\stm32f10x_rcc.h(51): error:  #20: identifier "uint32_t" is undefined
MCAL\stm32f10x_rcc.h(52): error:  #20: identifier "uint32_t" is undefined
MCAL\stm32f10x_rcc.h(648): error:  #20: identifier "uint32_t" is undefined
MCAL\stm32f10x_rcc.h(649): error:  #20: identifier "ErrorStatus" is undefined
MCAL\stm32f10x_rcc.h(650): error:  #20: identifier "uint8_t" is undefined
MCAL\stm32f10x_rcc.h(651): error:  #20: identifier "FunctionalState" is undefined
MCAL\stm32f10x_rcc.h(652): error:  #20: identifier "uint32_t" is undefined
MCAL\stm32f10x_rcc.h(652): error:  #20: identifier "uint32_t" is undefined
MCAL\stm32f10x_rcc.h(653): error:  #20: identifier "FunctionalState" is undefined
MCAL\stm32f10x_rcc.h(667): error:  #20: identifier "uint32_t" is undefined
MCAL\stm32f10x_rcc.h(668): error:  #20: identifier "uint8_t" is undefined
MCAL\stm32f10x_rcc.h(669): error:  #20: identifier "uint32_t" is undefined
compiling stm32f10x_crc.c...
MCAL\stm32f10x_crc.h(71): error:  #20: identifier "uint32_t" is undefined
MCAL\stm32f10x_crc.h(71): error:  #20: identifier "uint32_t" is undefined
MCAL\stm32f10x_crc.h(72): error:  #20: identifier "uint32_t" is undefined
MCAL\stm32f10x_crc.h(72): error:  #20: identifier "uint32_t" is undefined
MCAL\stm32f10x_crc.h(72): error:  #20: identifier "uint32_t" is undefined
MCAL\stm32f10x_crc.h(73): error:  #20: identifier "uint32_t" is undefined
MCAL\stm32f10x_crc.h(74): error:  #20: identifier "uint8_t" is undefined
MCAL\stm32f10x_crc.h(75): error:  #20: identifier "uint8_t" is undefined
MCAL\stm32f10x_crc.c(86): error:  #20: identifier "CRC" is undefined
MCAL\stm32f10x_crc.c(86): error:  #20: identifier "CRC_CR_RESET" is undefined
MCAL\stm32f10x_crc.c(94): error:  #20: identifier "uint32_t" is undefined
MCAL\stm32f10x_crc.c(94): error:  #20: identifier "uint32_t" is undefined
MCAL\stm32f10x_crc.c(96): error:  #20: identifier "CRC" is undefined
MCAL\stm32f10x_crc.c(107): error:  #20: identifier "uint32_t" is undefined
MCAL\stm32f10x_crc.c(107): error:  #20: identifier "uint32_t" is undefined
MCAL\stm32f10x_crc.c(107): error:  #20: identifier "uint32_t" is undefined
MCAL\stm32f10x_crc.c(109): error:  #20: identifier "uint32_t" is undefined
MCAL\stm32f10x_crc.c(113): error:  #20: identifier "CRC" is undefined
MCAL\stm32f10x_crc.c(115): error:  #20: identifier "CRC" is undefined
MCAL\stm32f10x_crc.c(123): error:  #20: identifier "uint32_t" is undefined
MCAL\stm32f10x_crc.c(125): error:  #20: identifier "CRC" is undefined
MCAL\stm32f10x_crc.c(133): error:  #20: identifier "uint8_t" is undefined
MCAL\stm32f10x_crc.c(135): error:  #20: identifier "CRC" is undefined
MCAL\stm32f10x_crc.c(143): error:  #20: identifier "uint8_t" is undefined
MCAL\stm32f10x_crc.c(145): error:  #20: identifier "CRC" is undefined
compiling stm32f10x_dac.c...
MCAL\stm32f10x_dac.h(52): error:  #20: identifier "uint32_t" is undefined
MCAL\stm32f10x_dac.h(55): error:  #20: identifier "uint32_t" is undefined
MCAL\stm32f10x_dac.h(59): error:  #20: identifier "uint32_t" is undefined
MCAL\stm32f10x_dac.h(63): error:  #20: identifier "uint32_t" is undefined
MCAL\stm32f10x_dac.h(279): error:  #20: identifier "uint32_t" is undefined
MCAL\stm32f10x_dac.h(281): error:  #20: identifier "uint32_t" is undefined
MCAL\stm32f10x_dac.h(281): error:  #20: identifier "FunctionalState" is undefined
MCAL\stm32f10x_dac.h(285): error:  #20: identifier "uint32_t" is undefined
MCAL\stm32f10x_dac.h(285): error:  #20: identifier "FunctionalState" is undefined
MCAL\stm32f10x_dac.h(286): error:  #20: identifier "uint32_t" is undefined
MCAL\stm32f10x_dac.h(286): error:  #20: identifier "FunctionalState" is undefined
MCAL\stm32f10x_dac.h(287): error:  #20: identifier "FunctionalState" is undefined
MCAL\stm32f10x_dac.h(288): error:  #20: identifier "uint32_t" is undefined
MCAL\stm32f10x_dac.h(288): error:  #20: identifier "uint32_t" is undefined
MCAL\stm32f10x_dac.h(288): error:  #20: identifier "FunctionalState" is undefined
MCAL\stm32f10x_dac.h(289): error:  #20: identifier "uint32_t" is undefined
MCAL\stm32f10x_dac.h(289): error:  #20: identifier "uint16_t" is undefined
MCAL\stm32f10x_dac.h(290): error:  #20: identifier "uint32_t" is undefined
MCAL\stm32f10x_dac.h(290): error:  #20: identifier "uint16_t" is undefined
MCAL\stm32f10x_dac.h(291): error:  #20: identifier "uint32_t" is undefined
MCAL\stm32f10x_dac.h(291): error:  #20: identifier "uint16_t" is undefined
MCAL\stm32f10x_dac.h(291): error:  #20: identifier "uint16_t" is undefined
MCAL\stm32f10x_dac.h(292): error:  #20: identifier "uint16_t" is undefined
MCAL\stm32f10x_dac.h(292): error:  #20: identifier "uint32_t" is undefined
MCAL\stm32f10x_rcc.h(48): error:  #20: identifier "uint32_t" is undefined
MCAL\stm32f10x_rcc.h(49): error:  #20: identifier "uint32_t" is undefined
MCAL\stm32f10x_rcc.h(50): error:  #20: identifier "uint32_t" is undefined
MCAL\stm32f10x_rcc.h(51): error:  #20: identifier "uint32_t" is undefined
MCAL\stm32f10x_rcc.h(52): error:  #20: identifier "uint32_t" is undefined
MCAL\stm32f10x_rcc.h(648): error:  #20: identifier "uint32_t" is undefined
compiling stm32f10x_dbgmcu.c...
MCAL\stm32f10x_dbgmcu.h(98): error:  #20: identifier "uint32_t" is undefined
MCAL\stm32f10x_dbgmcu.h(99): error:  #20: identifier "uint32_t" is undefined
MCAL\stm32f10x_dbgmcu.h(100): error:  #20: identifier "uint32_t" is undefined
MCAL\stm32f10x_dbgmcu.h(100): error:  #20: identifier "FunctionalState" is undefined
MCAL\stm32f10x_dbgmcu.c(84): error:  #20: identifier "uint32_t" is undefined
MCAL\stm32f10x_dbgmcu.c(86): error:  #20: identifier "DBGMCU" is undefined
MCAL\stm32f10x_dbgmcu.c(94): error:  #20: identifier "uint32_t" is undefined
MCAL\stm32f10x_dbgmcu.c(96): error:  #20: identifier "DBGMCU" is undefined
MCAL\stm32f10x_dbgmcu.c(96): error:  #20: identifier "uint32_t" is undefined
MCAL\stm32f10x_dbgmcu.c(96): error:  #18: expected a ")"
MCAL\stm32f10x_dbgmcu.c(134): error:  #20: identifier "uint32_t" is undefined
MCAL\stm32f10x_dbgmcu.c(134): error:  #20: identifier "FunctionalState" is undefined
MCAL\stm32f10x_dbgmcu.c(137): warning:  #223-D: function "assert_param" declared implicitly
MCAL\stm32f10x_dbgmcu.c(138): warning:  #223-D: function "IS_FUNCTIONAL_STATE" declared implicitly
MCAL\stm32f10x_dbgmcu.c(140): error:  #20: identifier "DISABLE" is undefined
MCAL\stm32f10x_dbgmcu.c(142): error:  #20: identifier "DBGMCU" is undefined
MCAL\stm32f10x_dbgmcu.c(146): error:  #20: identifier "DBGMCU" is undefined
compiling stm32f10x_dma.c...
MCAL\stm32f10x_dma.h(52): error:  #20: identifier "uint32_t" is undefined
MCAL\stm32f10x_dma.h(54): error:  #20: identifier "uint32_t" is undefined
MCAL\stm32f10x_dma.h(56): error:  #20: identifier "uint32_t" is undefined
MCAL\stm32f10x_dma.h(59): error:  #20: identifier "uint32_t" is undefined
MCAL\stm32f10x_dma.h(63): error:  #20: identifier "uint32_t" is undefined
MCAL\stm32f10x_dma.h(66): error:  #20: identifier "uint32_t" is undefined
MCAL\stm32f10x_dma.h(69): error:  #20: identifier "uint32_t" is undefined
MCAL\stm32f10x_dma.h(72): error:  #20: identifier "uint32_t" is undefined
MCAL\stm32f10x_dma.h(75): error:  #20: identifier "uint32_t" is undefined
MCAL\stm32f10x_dma.h(80): error:  #20: identifier "uint32_t" is undefined
MCAL\stm32f10x_dma.h(83): error:  #20: identifier "uint32_t" is undefined
MCAL\stm32f10x_dma.h(410): error:  #20: identifier "DMA_Channel_TypeDef" is undefined
MCAL\stm32f10x_dma.h(411): error:  #20: identifier "DMA_Channel_TypeDef" is undefined
MCAL\stm32f10x_dma.h(413): error:  #20: identifier "DMA_Channel_TypeDef" is undefined
MCAL\stm32f10x_dma.h(413): error:  #20: identifier "FunctionalState" is undefined
MCAL\stm32f10x_dma.h(414): error:  #20: identifier "DMA_Channel_TypeDef" is undefined
MCAL\stm32f10x_dma.h(414): error:  #20: identifier "uint32_t" is undefined
MCAL\stm32f10x_dma.h(414): error:  #20: identifier "FunctionalState" is undefined
MCAL\stm32f10x_dma.h(415): error:  #20: identifier "DMA_Channel_TypeDef" is undefined
MCAL\stm32f10x_dma.h(415): error:  #20: identifier "uint16_t" is undefined
MCAL\stm32f10x_dma.h(416): error:  #20: identifier "uint16_t" is undefined
MCAL\stm32f10x_dma.h(416): error:  #20: identifier "DMA_Channel_TypeDef" is undefined
MCAL\stm32f10x_dma.h(417): error:  #20: identifier "FlagStatus" is undefined
MCAL\stm32f10x_dma.h(417): error:  #20: identifier "uint32_t" is undefined
MCAL\stm32f10x_dma.h(418): error:  #20: identifier "uint32_t" is undefined
MCAL\stm32f10x_dma.h(419): error:  #20: identifier "ITStatus" is undefined
MCAL\stm32f10x_dma.h(419): error:  #20: identifier "uint32_t" is undefined
MCAL\stm32f10x_dma.h(420): error:  #20: identifier "uint32_t" is undefined
MCAL\stm32f10x_rcc.h(48): error:  #20: identifier "uint32_t" is undefined
MCAL\stm32f10x_rcc.h(49): error:  #20: identifier "uint32_t" is undefined
compiling stm32f10x_exti.c...
MCAL\stm32f10x_exti.h(78): error:  #20: identifier "uint32_t" is undefined
MCAL\stm32f10x_exti.h(87): error:  #20: identifier "FunctionalState" is undefined
MCAL\stm32f10x_exti.h(161): error:  #20: identifier "uint32_t" is undefined
MCAL\stm32f10x_exti.h(162): error:  #20: identifier "FlagStatus" is undefined
MCAL\stm32f10x_exti.h(162): error:  #20: identifier "uint32_t" is undefined
MCAL\stm32f10x_exti.h(163): error:  #20: identifier "uint32_t" is undefined
MCAL\stm32f10x_exti.h(164): error:  #20: identifier "ITStatus" is undefined
MCAL\stm32f10x_exti.h(164): error:  #20: identifier "uint32_t" is undefined
MCAL\stm32f10x_exti.h(165): error:  #20: identifier "uint32_t" is undefined
MCAL\stm32f10x_exti.c(87): error:  #20: identifier "EXTI" is undefined
MCAL\stm32f10x_exti.c(103): error:  #20: identifier "uint32_t" is undefined
MCAL\stm32f10x_exti.c(106): warning:  #223-D: function "assert_param" declared implicitly
MCAL\stm32f10x_exti.c(108): error:  #20: identifier "uint32_t" is undefined
MCAL\stm32f10x_exti.c(108): error:  #18: expected a ")"
MCAL\stm32f10x_exti.c(108): error:  #20: identifier "uint16_t" is undefined
MCAL\stm32f10x_exti.c(108): error:  #18: expected a ")"
MCAL\stm32f10x_exti.c(109): warning:  #223-D: function "IS_FUNCTIONAL_STATE" declared implicitly
MCAL\stm32f10x_exti.c(111): error:  #65: expected a ";"
MCAL\stm32f10x_exti.c(113): error:  #20: identifier "DISABLE" is undefined
MCAL\stm32f10x_exti.c(116): error:  #20: identifier "EXTI" is undefined
MCAL\stm32f10x_exti.c(121): error:  #20: identifier "__IO" is undefined
MCAL\stm32f10x_exti.c(121): error:  #18: expected a ")"
MCAL\stm32f10x_exti.c(121): error:  #65: expected a ";"
MCAL\stm32f10x_exti.c(136): error:  #65: expected a ";"
MCAL\stm32f10x_exti.c(139): error:  #18: expected a ")"
MCAL\stm32f10x_exti.c(139): error:  #65: expected a ";"
MCAL\stm32f10x_exti.c(147): error:  #20: identifier "__IO" is undefined
MCAL\stm32f10x_exti.c(147): error:  #18: expected a ")"
MCAL\stm32f10x_exti.c(147): error:  #65: expected a ";"
MCAL\stm32f10x_exti.c(159): error:  #20: identifier "uint32_t" is undefined
MCAL\stm32f10x_exti.c(159): error:  #18: expected a ")"
MCAL\stm32f10x_exti.c(162): error:  #20: identifier "DISABLE" is undefined
compiling stm32f10x_flash.c...
MCAL\stm32f10x_flash.h(368): error:  #20: identifier "uint32_t" is undefined
MCAL\stm32f10x_flash.h(369): error:  #20: identifier "uint32_t" is undefined
MCAL\stm32f10x_flash.h(370): error:  #20: identifier "uint32_t" is undefined
MCAL\stm32f10x_flash.h(373): error:  #20: identifier "uint32_t" is undefined
MCAL\stm32f10x_flash.h(376): error:  #20: identifier "uint32_t" is undefined
MCAL\stm32f10x_flash.h(376): error:  #20: identifier "uint32_t" is undefined
MCAL\stm32f10x_flash.h(377): error:  #20: identifier "uint32_t" is undefined
MCAL\stm32f10x_flash.h(377): error:  #20: identifier "uint16_t" is undefined
MCAL\stm32f10x_flash.h(378): error:  #20: identifier "uint32_t" is undefined
MCAL\stm32f10x_flash.h(378): error:  #20: identifier "uint8_t" is undefined
MCAL\stm32f10x_flash.h(379): error:  #20: identifier "uint32_t" is undefined
MCAL\stm32f10x_flash.h(380): error:  #20: identifier "FunctionalState" is undefined
MCAL\stm32f10x_flash.h(381): error:  #20: identifier "uint16_t" is undefined
MCAL\stm32f10x_flash.h(381): error:  #20: identifier "uint16_t" is undefined
MCAL\stm32f10x_flash.h(381): error:  #20: identifier "uint16_t" is undefined
MCAL\stm32f10x_flash.h(382): error:  #20: identifier "uint32_t" is undefined
MCAL\stm32f10x_flash.h(383): error:  #20: identifier "uint32_t" is undefined
MCAL\stm32f10x_flash.h(384): error:  #20: identifier "FlagStatus" is undefined
MCAL\stm32f10x_flash.h(385): error:  #20: identifier "FlagStatus" is undefined
MCAL\stm32f10x_flash.h(386): error:  #20: identifier "uint32_t" is undefined
MCAL\stm32f10x_flash.h(386): error:  #20: identifier "FunctionalState" is undefined
MCAL\stm32f10x_flash.h(387): error:  #20: identifier "FlagStatus" is undefined
MCAL\stm32f10x_flash.h(387): error:  #20: identifier "uint32_t" is undefined
MCAL\stm32f10x_flash.h(388): error:  #20: identifier "uint32_t" is undefined
MCAL\stm32f10x_flash.h(390): error:  #20: identifier "uint32_t" is undefined
MCAL\stm32f10x_flash.h(397): error:  #20: identifier "uint32_t" is undefined
MCAL\stm32f10x_flash.c(254): error:  #20: identifier "uint32_t" is undefined
MCAL\stm32f10x_flash.c(256): error:  #20: identifier "uint32_t" is undefined
MCAL\stm32f10x_flash.c(259): warning:  #223-D: function "assert_param" declared implicitly
MCAL\stm32f10x_flash.c(259): error:  #20: identifier "uint32_t" is undefined
MCAL\stm32f10x_flash.c(259): error:  #18: expected a ")"
[...]
MCAL\stm32f10x_rcc.h(648): error:  #20: identifier "uint32_t" is undefined
MCAL\stm32f10x_rcc.h(649): error:  #20: identifier "ErrorStatus" is undefined
MCAL\stm32f10x_rcc.h(650): error:  #20: identifier "uint8_t" is undefined
MCAL\stm32f10x_rcc.h(651): error:  #20: identifier "FunctionalState" is undefined
MCAL\stm32f10x_rcc.h(652): error:  #20: identifier "uint32_t" is undefined
MCAL\stm32f10x_rcc.h(652): error:  #20: identifier "uint32_t" is undefined
MCAL\stm32f10x_rcc.h(653): error:  #20: identifier "FunctionalState" is undefined
MCAL\stm32f10x_rcc.h(667): error:  #20: identifier "uint32_t" is undefined
MCAL\stm32f10x_rcc.h(668): error:  #20: identifier "uint8_t" is undefined
MCAL\stm32f10x_rcc.h(669): error:  #20: identifier "uint32_t" is undefined
MCAL\stm32f10x_rcc.h(670): error:  #20: identifier "uint32_t" is undefined
MCAL\stm32f10x_rcc.h(671): error:  #20: identifier "uint32_t" is undefined
MCAL\stm32f10x_rcc.h(672): error:  #20: identifier "uint8_t" is undefined
MCAL\stm32f10x_rcc.h(672): error:  #20: identifier "FunctionalState" is undefined
MCAL\stm32f10x_rcc.h(675): error:  #20: identifier "uint32_t" is undefined
MCAL\stm32f10x_rcc.h(680): error:  #20: identifier "uint32_t" is undefined
compiling stm32f10x_rtc.c...
MCAL\stm32f10x_rtc.h(103): error:  #20: identifier "uint16_t" is undefined
MCAL\stm32f10x_rtc.h(103): error:  #20: identifier "FunctionalState" is undefined
MCAL\stm32f10x_rtc.h(106): error:  #20: identifier "uint32_t" is undefined
MCAL\stm32f10x_rtc.h(107): error:  #20: identifier "uint32_t" is undefined
MCAL\stm32f10x_rtc.h(108): error:  #20: identifier "uint32_t" is undefined
MCAL\stm32f10x_rtc.h(109): error:  #20: identifier "uint32_t" is undefined
MCAL\stm32f10x_rtc.h(110): error:  #20: identifier "uint32_t" is undefined
MCAL\stm32f10x_rtc.h(113): error:  #20: identifier "FlagStatus" is undefined
MCAL\stm32f10x_rtc.h(113): error:  #20: identifier "uint16_t" is undefined
MCAL\stm32f10x_rtc.h(114): error:  #20: identifier "uint16_t" is undefined
MCAL\stm32f10x_rtc.h(115): error:  #20: identifier "ITStatus" is undefined
MCAL\stm32f10x_rtc.h(115): error:  #20: identifier "uint16_t" is undefined
MCAL\stm32f10x_rtc.h(116): error:  #20: identifier "uint16_t" is undefined
MCAL\stm32f10x_rtc.c(90): error:  #20: identifier "uint16_t" is undefined
MCAL\stm32f10x_rtc.c(90): error:  #20: identifier "FunctionalState" is undefined
MCAL\stm32f10x_rtc.c(93): warning:  #223-D: function "assert_param" declared implicitly
MCAL\stm32f10x_rtc.c(93): error:  #20: identifier "uint16_t" is undefined
MCAL\stm32f10x_rtc.c(93): error:  #18: expected a ")"
MCAL\stm32f10x_rtc.c(94): warning:  #223-D: function "IS_FUNCTIONAL_STATE" declared implicitly
MCAL\stm32f10x_rtc.c(96): error:  #20: identifier "DISABLE" is undefined
MCAL\stm32f10x_rtc.c(98): error:  #20: identifier "RTC" is undefined
MCAL\stm32f10x_rtc.c(102): error:  #20: identifier "RTC" is undefined
MCAL\stm32f10x_rtc.c(102): error:  #65: expected a ";"
MCAL\stm32f10x_rtc.c(114): error:  #20: identifier "RTC" is undefined
MCAL\stm32f10x_rtc.c(114): error:  #20: identifier "RTC_CRL_CNF" is undefined
MCAL\stm32f10x_rtc.c(125): error:  #20: identifier "RTC" is undefined
MCAL\stm32f10x_rtc.c(125): error:  #20: identifier "uint16_t" is undefined
MCAL\stm32f10x_rtc.c(125): error:  #65: expected a ";"
MCAL\stm32f10x_rtc.c(133): error:  #20: identifier "uint32_t" is undefined
MCAL\stm32f10x_rtc.c(135): error:  #20: identifier "uint16_t" is undefined
MCAL\stm32f10x_rtc.c(136): error:  #20: identifier "RTC" is undefined
MCAL\stm32f10x_rtc.c(137): error:  #20: identifier "uint32_t" is undefined
compiling stm32f10x_sdio.c...
MCAL\stm32f10x_sdio.h(48): error:  #20: identifier "uint32_t" is undefined
MCAL\stm32f10x_sdio.h(51): error:  #20: identifier "uint32_t" is undefined
MCAL\stm32f10x_sdio.h(55): error:  #20: identifier "uint32_t" is undefined
MCAL\stm32f10x_sdio.h(59): error:  #20: identifier "uint32_t" is undefined
MCAL\stm32f10x_sdio.h(62): error:  #20: identifier "uint32_t" is undefined
MCAL\stm32f10x_sdio.h(65): error:  #20: identifier "uint8_t" is undefined
MCAL\stm32f10x_sdio.h(72): error:  #20: identifier "uint32_t" is undefined
MCAL\stm32f10x_sdio.h(77): error:  #20: identifier "uint32_t" is undefined
MCAL\stm32f10x_sdio.h(79): error:  #20: identifier "uint32_t" is undefined
MCAL\stm32f10x_sdio.h(82): error:  #20: identifier "uint32_t" is undefined
MCAL\stm32f10x_sdio.h(85): error:  #20: identifier "uint32_t" is undefined
MCAL\stm32f10x_sdio.h(92): error:  #20: identifier "uint32_t" is undefined
MCAL\stm32f10x_sdio.h(94): error:  #20: identifier "uint32_t" is undefined
MCAL\stm32f10x_sdio.h(96): error:  #20: identifier "uint32_t" is undefined
MCAL\stm32f10x_sdio.h(99): error:  #20: identifier "uint32_t" is undefined
MCAL\stm32f10x_sdio.h(103): error:  #20: identifier "uint32_t" is undefined
MCAL\stm32f10x_sdio.h(106): error:  #20: identifier "uint32_t" is undefined
MCAL\stm32f10x_sdio.h(486): error:  #20: identifier "FunctionalState" is undefined
MCAL\stm32f10x_sdio.h(487): error:  #20: identifier "uint32_t" is undefined
MCAL\stm32f10x_sdio.h(488): error:  #20: identifier "uint32_t" is undefined
MCAL\stm32f10x_sdio.h(489): error:  #20: identifier "uint32_t" is undefined
MCAL\stm32f10x_sdio.h(489): error:  #20: identifier "FunctionalState" is undefined
MCAL\stm32f10x_sdio.h(490): error:  #20: identifier "FunctionalState" is undefined
MCAL\stm32f10x_sdio.h(493): error:  #20: identifier "uint8_t" is undefined
MCAL\stm32f10x_sdio.h(494): error:  #20: identifier "uint32_t" is undefined
MCAL\stm32f10x_sdio.h(494): error:  #20: identifier "uint32_t" is undefined
MCAL\stm32f10x_sdio.h(497): error:  #20: identifier "uint32_t" is undefined
MCAL\stm32f10x_sdio.h(498): error:  #20: identifier "uint32_t" is undefined
MCAL\stm32f10x_sdio.h(499): error:  #20: identifier "uint32_t" is undefined
MCAL\stm32f10x_sdio.h(500): error:  #20: identifier "uint32_t" is undefined
compiling stm32f10x_spi.c...
MCAL\stm32f10x_spi.h(52): error:  #20: identifier "uint16_t" is undefined
MCAL\stm32f10x_spi.h(55): error:  #20: identifier "uint16_t" is undefined
MCAL\stm32f10x_spi.h(58): error:  #20: identifier "uint16_t" is undefined
MCAL\stm32f10x_spi.h(61): error:  #20: identifier "uint16_t" is undefined
MCAL\stm32f10x_spi.h(64): error:  #20: identifier "uint16_t" is undefined
MCAL\stm32f10x_spi.h(67): error:  #20: identifier "uint16_t" is undefined
MCAL\stm32f10x_spi.h(71): error:  #20: identifier "uint16_t" is undefined
MCAL\stm32f10x_spi.h(77): error:  #20: identifier "uint16_t" is undefined
MCAL\stm32f10x_spi.h(80): error:  #20: identifier "uint16_t" is undefined
MCAL\stm32f10x_spi.h(90): error:  #20: identifier "uint16_t" is undefined
MCAL\stm32f10x_spi.h(93): error:  #20: identifier "uint16_t" is undefined
MCAL\stm32f10x_spi.h(96): error:  #20: identifier "uint16_t" is undefined
MCAL\stm32f10x_spi.h(99): error:  #20: identifier "uint16_t" is undefined
MCAL\stm32f10x_spi.h(102): error:  #20: identifier "uint32_t" is undefined
MCAL\stm32f10x_spi.h(105): error:  #20: identifier "uint16_t" is undefined
MCAL\stm32f10x_spi.h(446): error:  #20: identifier "SPI_TypeDef" is undefined
MCAL\stm32f10x_spi.h(447): error:  #20: identifier "SPI_TypeDef" is undefined
MCAL\stm32f10x_spi.h(448): error:  #20: identifier "SPI_TypeDef" is undefined
MCAL\stm32f10x_spi.h(451): error:  #20: identifier "SPI_TypeDef" is undefined
MCAL\stm32f10x_spi.h(451): error:  #20: identifier "FunctionalState" is undefined
MCAL\stm32f10x_spi.h(452): error:  #20: identifier "SPI_TypeDef" is undefined
MCAL\stm32f10x_spi.h(452): error:  #20: identifier "FunctionalState" is undefined
MCAL\stm32f10x_spi.h(453): error:  #20: identifier "SPI_TypeDef" is undefined
MCAL\stm32f10x_spi.h(453): error:  #20: identifier "uint8_t" is undefined
MCAL\stm32f10x_spi.h(453): error:  #20: identifier "FunctionalState" is undefined
MCAL\stm32f10x_spi.h(454): error:  #20: identifier "SPI_TypeDef" is undefined
MCAL\stm32f10x_spi.h(454): error:  #20: identifier "uint16_t" is undefined
MCAL\stm32f10x_spi.h(454): error:  #20: identifier "FunctionalState" is undefined
MCAL\stm32f10x_spi.h(455): error:  #20: identifier "SPI_TypeDef" is undefined
MCAL\stm32f10x_spi.h(455): error:  #20: identifier "uint16_t" is undefined
compiling stm32f10x_usart.c...
MCAL\stm32f10x_usart.h(52): error:  #20: identifier "uint32_t" is undefined
MCAL\stm32f10x_usart.h(57): error:  #20: identifier "uint16_t" is undefined
MCAL\stm32f10x_usart.h(60): error:  #20: identifier "uint16_t" is undefined
MCAL\stm32f10x_usart.h(63): error:  #20: identifier "uint16_t" is undefined
MCAL\stm32f10x_usart.h(70): error:  #20: identifier "uint16_t" is undefined
MCAL\stm32f10x_usart.h(73): error:  #20: identifier "uint16_t" is undefined
MCAL\stm32f10x_usart.h(85): error:  #20: identifier "uint16_t" is undefined
MCAL\stm32f10x_usart.h(88): error:  #20: identifier "uint16_t" is undefined
MCAL\stm32f10x_usart.h(91): error:  #20: identifier "uint16_t" is undefined
MCAL\stm32f10x_usart.h(94): error:  #20: identifier "uint16_t" is undefined
MCAL\stm32f10x_usart.h(365): error:  #20: identifier "USART_TypeDef" is undefined
MCAL\stm32f10x_usart.h(366): error:  #20: identifier "USART_TypeDef" is undefined
MCAL\stm32f10x_usart.h(368): error:  #20: identifier "USART_TypeDef" is undefined
MCAL\stm32f10x_usart.h(370): error:  #20: identifier "USART_TypeDef" is undefined
MCAL\stm32f10x_usart.h(370): error:  #20: identifier "FunctionalState" is undefined
MCAL\stm32f10x_usart.h(371): error:  #20: identifier "USART_TypeDef" is undefined
MCAL\stm32f10x_usart.h(371): error:  #20: identifier "uint16_t" is undefined
MCAL\stm32f10x_usart.h(371): error:  #20: identifier "FunctionalState" is undefined
MCAL\stm32f10x_usart.h(372): error:  #20: identifier "USART_TypeDef" is undefined
MCAL\stm32f10x_usart.h(372): error:  #20: identifier "uint16_t" is undefined
MCAL\stm32f10x_usart.h(372): error:  #20: identifier "FunctionalState" is undefined
MCAL\stm32f10x_usart.h(373): error:  #20: identifier "USART_TypeDef" is undefined
MCAL\stm32f10x_usart.h(373): error:  #20: identifier "uint8_t" is undefined
MCAL\stm32f10x_usart.h(374): error:  #20: identifier "USART_TypeDef" is undefined
MCAL\stm32f10x_usart.h(374): error:  #20: identifier "uint16_t" is undefined
MCAL\stm32f10x_usart.h(375): error:  #20: identifier "USART_TypeDef" is undefined
MCAL\stm32f10x_usart.h(375): error:  #20: identifier "FunctionalState" is undefined
MCAL\stm32f10x_usart.h(376): error:  #20: identifier "USART_TypeDef" is undefined
MCAL\stm32f10x_usart.h(376): error:  #20: identifier "uint16_t" is undefined
MCAL\stm32f10x_usart.h(377): error:  #20: identifier "USART_TypeDef" is undefined
compiling stm32f10x_wwdg.c...
MCAL\stm32f10x_wwdg.h(89): error:  #20: identifier "uint32_t" is undefined
MCAL\stm32f10x_wwdg.h(90): error:  #20: identifier "uint8_t" is undefined
MCAL\stm32f10x_wwdg.h(92): error:  #20: identifier "uint8_t" is undefined
MCAL\stm32f10x_wwdg.h(93): error:  #20: identifier "uint8_t" is undefined
MCAL\stm32f10x_wwdg.h(94): error:  #20: identifier "FlagStatus" is undefined
MCAL\stm32f10x_rcc.h(48): error:  #20: identifier "uint32_t" is undefined
MCAL\stm32f10x_rcc.h(49): error:  #20: identifier "uint32_t" is undefined
MCAL\stm32f10x_rcc.h(50): error:  #20: identifier "uint32_t" is undefined
MCAL\stm32f10x_rcc.h(51): error:  #20: identifier "uint32_t" is undefined
MCAL\stm32f10x_rcc.h(52): error:  #20: identifier "uint32_t" is undefined
MCAL\stm32f10x_rcc.h(648): error:  #20: identifier "uint32_t" is undefined
MCAL\stm32f10x_rcc.h(649): error:  #20: identifier "ErrorStatus" is undefined
MCAL\stm32f10x_rcc.h(650): error:  #20: identifier "uint8_t" is undefined
MCAL\stm32f10x_rcc.h(651): error:  #20: identifier "FunctionalState" is undefined
MCAL\stm32f10x_rcc.h(652): error:  #20: identifier "uint32_t" is undefined
MCAL\stm32f10x_rcc.h(652): error:  #20: identifier "uint32_t" is undefined
MCAL\stm32f10x_rcc.h(653): error:  #20: identifier "FunctionalState" is undefined
MCAL\stm32f10x_rcc.h(667): error:  #20: identifier "uint32_t" is undefined
MCAL\stm32f10x_rcc.h(668): error:  #20: identifier "uint8_t" is undefined
MCAL\stm32f10x_rcc.h(669): error:  #20: identifier "uint32_t" is undefined
MCAL\stm32f10x_rcc.h(670): error:  #20: identifier "uint32_t" is undefined
MCAL\stm32f10x_rcc.h(671): error:  #20: identifier "uint32_t" is undefined
MCAL\stm32f10x_rcc.h(672): error:  #20: identifier "uint8_t" is undefined
MCAL\stm32f10x_rcc.h(672): error:  #20: identifier "FunctionalState" is undefined
MCAL\stm32f10x_rcc.h(675): error:  #20: identifier "uint32_t" is undefined
MCAL\stm32f10x_rcc.h(680): error:  #20: identifier "uint32_t" is undefined
MCAL\stm32f10x_rcc.h(687): error:  #20: identifier "uint8_t" is undefined
MCAL\stm32f10x_rcc.h(688): error:  #20: identifier "FunctionalState" is undefined
MCAL\stm32f10x_rcc.h(689): error:  #20: identifier "uint32_t" is undefined
MCAL\stm32f10x_rcc.h(690): error:  #20: identifier "FunctionalState" is undefined
".\Output\myPrj.axf" - 1021 Errors, 13 Warning(s).
Target not created
Rebuild target 'Target 1'
compiling LED.c...
compiling CanSend.c...
compiling pid_model.c...
compiling asr_s32.c...
compiling div_nde_s32_floor.c...
compiling div_nzp_repeat_u32_near.c...
compiling div_nzp_u32_near.c...
compiling look1_is16bs16n2lu16n16ys16n7ts16n7Ds32Is_rwYpbjoD.c...
compiling look1_is16lu8n8yu8tu8Ds16Is32n23_binlcan.c...
compiling look1_is16lu16n16Ds32_pbinlca.c...
compiling look1_is16lu16n16ys16Ds32Is32_binlcan.c...
compiling look1_is16lu16n16ys16n7Ds32Is32_binlcan.c...
compiling look1_is16lu16n16ys16n10ts16n10Ds32Is32_binlcan.c...
compiling look1_is16lu16n16ys16ts16Ds32Is32_binlcan.c...
compiling look1_iu8lu32n16ys16ts16Ds32Is32_binlcs.c...
compiling look2_is16s16lu32n16ts16Ds32ds32_binlcs.c...
compiling look2_is16u8lu32n16ys16ts16Ds32Is32_binlcs.c...
compiling MemCalibration_RBM.c...
compiling MemMeasured_RBM.c...
compiling mul_ssu32_loSR.c...
compiling mul_ssu32_loSR_near.c...
compiling mul_ssu32_loSR_zero.c...
compiling mul_wide_su32.c...
compiling RBM.c...
compiling RBM_data.c...
compiling RBM_Input.c...
compiling RBM_Output.c...
compiling main.c...
assembling startup_stm32f10x_md.s...
compiling os.c...
compiling can.c...
compiling can_cfg.c...
compiling clock.c...
compiling fsmc.c...
compiling hwio.c...
compiling interrupt.c...
compiling timer.c...
compiling watchdog.c...
compiling TimingTest.c...
compiling core_cm3.c...
compiling misc.c...
compiling stm32f10x_gpio.c...
compiling stm32f10x_tim.c...
compiling system_stm32f10x.c...
compiling stm32f10x_rcc.c...
compiling stm32f10x_adc.c...
compiling stm32f10x_bkp.c...
compiling stm32f10x_can.c...
compiling stm32f10x_cec.c...
compiling stm32f10x_crc.c...
compiling stm32f10x_dac.c...
compiling stm32f10x_dbgmcu.c...
compiling stm32f10x_dma.c...
compiling stm32f10x_exti.c...
compiling stm32f10x_flash.c...
compiling stm32f10x_fsmc.c...
compiling stm32f10x_i2c.c...
compiling stm32f10x_iwdg.c...
compiling stm32f10x_pwr.c...
compiling stm32f10x_rtc.c...
compiling stm32f10x_sdio.c...
compiling stm32f10x_spi.c...
compiling stm32f10x_usart.c...
compiling stm32f10x_wwdg.c...
linking...
Program Size: Code=20020 RO-data=296 RW-data=944 ZI-data=1824  
FromELF: creating hex file...
".\Output\myPrj.axf" - 0 Errors, 0 Warning(s).
Build target 'Target 1'
compiling LED.c...
compiling CanSend.c...
compiling pid_model.c...
compiling asr_s32.c...
compiling div_nde_s32_floor.c...
compiling div_nzp_repeat_u32_near.c...
compiling div_nzp_u32_near.c...
compiling look1_is16bs16n2lu16n16ys16n7ts16n7Ds32Is_rwYpbjoD.c...
compiling look1_is16lu8n8yu8tu8Ds16Is32n23_binlcan.c...
compiling look1_is16lu16n16Ds32_pbinlca.c...
compiling look1_is16lu16n16ys16Ds32Is32_binlcan.c...
compiling look1_is16lu16n16ys16n7Ds32Is32_binlcan.c...
compiling look1_is16lu16n16ys16n10ts16n10Ds32Is32_binlcan.c...
compiling look1_is16lu16n16ys16ts16Ds32Is32_binlcan.c...
compiling look1_iu8lu32n16ys16ts16Ds32Is32_binlcs.c...
compiling look2_is16s16lu32n16ts16Ds32ds32_binlcs.c...
compiling look2_is16u8lu32n16ys16ts16Ds32Is32_binlcs.c...
compiling MemCalibration_RBM.c...
compiling MemMeasured_RBM.c...
compiling mul_ssu32_loSR.c...
compiling mul_ssu32_loSR_near.c...
compiling mul_ssu32_loSR_zero.c...
compiling mul_wide_su32.c...
compiling RBM.c...
compiling RBM_data.c...
compiling RBM_Input.c...
compiling RBM_Output.c...
compiling main.c...
compiling os.c...
compiling can.c...
compiling can_cfg.c...
compiling clock.c...
compiling fsmc.c...
compiling hwio.c...
compiling interrupt.c...
compiling timer.c...
compiling watchdog.c...
compiling TimingTest.c...
compiling core_cm3.c...
compiling misc.c...
compiling stm32f10x_gpio.c...
compiling stm32f10x_tim.c...
compiling system_stm32f10x.c...
compiling stm32f10x_rcc.c...
compiling stm32f10x_adc.c...
compiling stm32f10x_bkp.c...
compiling stm32f10x_can.c...
compiling stm32f10x_cec.c...
compiling stm32f10x_crc.c...
compiling stm32f10x_dac.c...
compiling stm32f10x_dbgmcu.c...
compiling stm32f10x_dma.c...
compiling stm32f10x_exti.c...
compiling stm32f10x_flash.c...
compiling stm32f10x_fsmc.c...
compiling stm32f10x_i2c.c...
compiling stm32f10x_iwdg.c...
compiling stm32f10x_pwr.c...
compiling stm32f10x_rtc.c...
compiling stm32f10x_sdio.c...
compiling stm32f10x_spi.c...
compiling stm32f10x_usart.c...
compiling stm32f10x_wwdg.c...
linking...
Program Size: Code=20020 RO-data=296 RW-data=944 ZI-data=1824  
FromELF: creating hex file...
".\Output\myPrj.axf" - 0 Errors, 0 Warning(s).
Load "C:\\Users\\Administrator\\Desktop\\mySTM32F103C8T6\\Output\\myPrj.axf" 
Erase Done.
Programming Done.
Verify OK.
Application running ...
Rebuild target 'Target 1'
compiling LED.c...
compiling CanSend.c...
compiling pid_model.c...
compiling asr_s32.c...
compiling div_nde_s32_floor.c...
compiling div_nzp_repeat_u32_near.c...
compiling div_nzp_u32_near.c...
compiling look1_is16bs16n2lu16n16ys16n7ts16n7Ds32Is_rwYpbjoD.c...
compiling look1_is16lu8n8yu8tu8Ds16Is32n23_binlcan.c...
compiling look1_is16lu16n16Ds32_pbinlca.c...
compiling look1_is16lu16n16ys16Ds32Is32_binlcan.c...
compiling look1_is16lu16n16ys16n7Ds32Is32_binlcan.c...
compiling look1_is16lu16n16ys16n10ts16n10Ds32Is32_binlcan.c...
compiling look1_is16lu16n16ys16ts16Ds32Is32_binlcan.c...
compiling look1_iu8lu32n16ys16ts16Ds32Is32_binlcs.c...
compiling look2_is16s16lu32n16ts16Ds32ds32_binlcs.c...
compiling look2_is16u8lu32n16ys16ts16Ds32Is32_binlcs.c...
compiling MemCalibration_RBM.c...
compiling MemMeasured_RBM.c...
compiling mul_ssu32_loSR.c...
compiling mul_ssu32_loSR_near.c...
compiling mul_ssu32_loSR_zero.c...
compiling mul_wide_su32.c...
compiling RBM.c...
compiling RBM_data.c...
compiling RBM_Input.c...
compiling RBM_Output.c...
compiling main.c...
assembling startup_stm32f10x_md.s...
compiling os.c...
compiling can.c...
compiling can_cfg.c...
compiling clock.c...
compiling fsmc.c...
compiling hwio.c...
compiling interrupt.c...
compiling timer.c...
compiling watchdog.c...
compiling TimingTest.c...
compiling core_cm3.c...
compiling misc.c...
compiling stm32f10x_gpio.c...
compiling stm32f10x_tim.c...
compiling system_stm32f10x.c...
compiling stm32f10x_rcc.c...
compiling stm32f10x_adc.c...
compiling stm32f10x_bkp.c...
compiling stm32f10x_can.c...
compiling stm32f10x_cec.c...
compiling stm32f10x_crc.c...
compiling stm32f10x_dac.c...
compiling stm32f10x_dbgmcu.c...
compiling stm32f10x_dma.c...
compiling stm32f10x_exti.c...
compiling stm32f10x_flash.c...
compiling stm32f10x_fsmc.c...
compiling stm32f10x_i2c.c...
compiling stm32f10x_iwdg.c...
compiling stm32f10x_pwr.c...
compiling stm32f10x_rtc.c...
compiling stm32f10x_sdio.c...
compiling stm32f10x_spi.c...
compiling stm32f10x_usart.c...
compiling stm32f10x_wwdg.c...
linking...
Program Size: Code=19952 RO-data=296 RW-data=944 ZI-data=1824  
FromELF: creating hex file...
".\Output\myPrj.axf" - 0 Errors, 0 Warning(s).
Load "C:\\Users\\Administrator\\Desktop\\mySTM32F103C8T6\\Output\\myPrj.axf" 
Erase Done.
Programming Done.
Verify OK.
Application running ...
